[Coverage] 400/1304 (30.67%)
=== Arg_ok ===
Phantom#849
Phantom#848
=== Block_ok ===
Phantom#857
=== CParamType_wf ===
Phantom#268
=== CParamTypes_wf ===
Phantom#271
=== CParam_ok ===
Phantom#895
Phantom#892
Phantom#891
Phantom#890
=== Call_convention_arg_ok ===
Phantom#989
Phantom#988
Phantom#986
=== Call_convention_ok ===
Phantom#982
Phantom#979
=== Call_ok ===
Phantom#1068
Phantom#1067
Phantom#1066
Phantom#1065
Phantom#1061
Phantom#1060
Phantom#1059
Phantom#1057
Phantom#1056
Phantom#1055
Phantom#1053
Phantom#1052
Phantom#1051
Phantom#1050
Phantom#1049
Phantom#1047
Phantom#1046
Phantom#1045
Phantom#1044
Phantom#1043
Phantom#1042
Phantom#1041
Phantom#1039
Phantom#1038
Phantom#1037
Phantom#1036
Phantom#1035
Phantom#1034
Phantom#1033
Phantom#1032
Phantom#1031
Phantom#1029
Phantom#1028
Phantom#1027
Phantom#1025
Phantom#1024
Phantom#1023
Phantom#1022
Phantom#1017
Phantom#1016
Phantom#1014
Phantom#1013
Phantom#1011
=== Call_site_ok ===
Phantom#1006
Phantom#1005
Phantom#1002
Phantom#1000
Phantom#998
Phantom#995
Phantom#994
Phantom#993
Phantom#992
Phantom#991
=== ConsDef_wf ===
Phantom#292
Phantom#289
Phantom#286
Phantom#285
Phantom#283
=== ConsType_wf ===
Phantom#279
Phantom#277
Phantom#275
Phantom#274
=== Decl_ok ===
Phantom#974
Phantom#973
Phantom#971
Phantom#969
Phantom#967
Phantom#962
Phantom#961
Phantom#959
Phantom#957
Phantom#956
Phantom#955
Phantom#954
Phantom#953
Phantom#951
Phantom#949
Phantom#948
Phantom#947
Phantom#946
Phantom#945
Phantom#944
Phantom#942
Phantom#941
Phantom#940
Phantom#939
Phantom#938
Phantom#937
Phantom#936
Phantom#934
Phantom#933
Phantom#932
Phantom#931
Phantom#930
Phantom#929
Phantom#928
Phantom#927
Phantom#924
Phantom#923
Phantom#921
Phantom#920
Phantom#917
Phantom#916
Phantom#912
Phantom#911
Phantom#910
Phantom#909
Phantom#908
Phantom#905
Phantom#901
Phantom#898
Phantom#897
=== Eval_static ===
Phantom#604
Phantom#603
Phantom#602
Phantom#601
Phantom#600
Phantom#599
Phantom#598
Phantom#597
Phantom#596
Phantom#595
Phantom#594
Phantom#593
Phantom#591
=== Expr_ok ===
Phantom#845
Phantom#841
Phantom#840
Phantom#839
Phantom#838
Phantom#837
Phantom#836
Phantom#835
Phantom#833
Phantom#829
Phantom#828
Phantom#827
Phantom#825
Phantom#824
Phantom#823
Phantom#821
Phantom#820
Phantom#817
Phantom#814
Phantom#813
Phantom#811
Phantom#810
Phantom#809
Phantom#805
Phantom#804
Phantom#803
Phantom#802
Phantom#801
Phantom#800
Phantom#798
Phantom#797
Phantom#794
Phantom#793
Phantom#790
Phantom#785
Phantom#784
Phantom#783
Phantom#780
Phantom#777
Phantom#770
Phantom#767
Phantom#765
=== FuncDef_alpha ===
Phantom#173
Phantom#172
Phantom#171
Phantom#170
Phantom#169
Phantom#168
=== FuncDef_wf ===
Phantom#267
Phantom#266
Phantom#264
=== FuncType_alpha ===
Phantom#167
Phantom#166
Phantom#165
Phantom#164
Phantom#163
Phantom#162
Phantom#161
Phantom#160
Phantom#159
Phantom#158
Phantom#157
Phantom#156
Phantom#155
Phantom#154
Phantom#153
Phantom#152
Phantom#151
Phantom#150
Phantom#149
Phantom#148
Phantom#147
Phantom#146
Phantom#145
Phantom#144
Phantom#143
Phantom#142
Phantom#141
Phantom#140
Phantom#139
Phantom#138
Phantom#137
=== FuncType_wf ===
Phantom#262
Phantom#261
Phantom#260
Phantom#257
Phantom#256
Phantom#254
Phantom#250
Phantom#249
Phantom#247
Phantom#245
Phantom#242
Phantom#241
=== Inst_init_decl_ok ===
Phantom#1181
Phantom#1180
Phantom#1179
Phantom#1178
Phantom#1177
=== Inst_ok ===
Phantom#1132
Phantom#1131
Phantom#1130
Phantom#1126
Phantom#1125
Phantom#1120
Phantom#1119
Phantom#1118
Phantom#1117
Phantom#1116
Phantom#1112
Phantom#1111
Phantom#1110
=== Inst_site_ok ===
Phantom#1109
Phantom#1108
Phantom#1107
Phantom#1106
Phantom#1105
Phantom#1104
Phantom#1103
=== Lval_ok ===
Phantom#855
Phantom#854
Phantom#853
Phantom#852
Phantom#850
=== MethodType_ok ===
Phantom#1099
Phantom#1098
Phantom#1097
Phantom#1096
Phantom#1095
Phantom#1093
Phantom#1092
Phantom#1091
Phantom#1090
Phantom#1089
Phantom#1088
Phantom#1087
Phantom#1083
Phantom#1082
Phantom#1081
Phantom#1078
Phantom#1077
Phantom#1075
Phantom#1074
=== Method_ok ===
Phantom#1199
Phantom#1197
Phantom#1196
Phantom#1195
Phantom#1193
Phantom#1192
Phantom#1191
=== ParamType_wf ===
Phantom#237
Phantom#236
Phantom#233
=== ParamTypes_wf ===
Phantom#240
=== Param_ok ===
Phantom#886
Phantom#884
=== ParserState_ok ===
Phantom#1201
=== SEnum_field_ok ===
Phantom#1188
=== Select_case_keyset_ok ===
Phantom#1157
=== Select_case_keysets_ok ===
Phantom#1161
Phantom#1158
=== Select_case_ok ===
Phantom#1165
Phantom#1164
Phantom#1163
Phantom#1162
=== Stmt_ok ===
Phantom#883
Phantom#876
Phantom#874
Phantom#871
Phantom#870
Phantom#869
Phantom#868
Phantom#867
Phantom#866
Phantom#865
Phantom#864
Phantom#863
Phantom#862
=== Sub_expl_canon_neq ===
Phantom#698
Phantom#697
Phantom#695
Phantom#693
Phantom#692
Phantom#690
Phantom#688
Phantom#686
Phantom#685
Phantom#684
Phantom#683
Phantom#682
Phantom#681
Phantom#680
Phantom#679
Phantom#678
Phantom#677
Phantom#676
Phantom#675
Phantom#674
Phantom#673
Phantom#672
Phantom#671
Phantom#670
Phantom#669
Phantom#668
Phantom#667
Phantom#666
Phantom#665
Phantom#664
Phantom#663
Phantom#662
Phantom#661
Phantom#660
Phantom#659
Phantom#658
Phantom#657
Phantom#656
Phantom#655
Phantom#654
Phantom#653
Phantom#652
Phantom#651
Phantom#650
Phantom#649
Phantom#648
Phantom#647
Phantom#646
Phantom#644
Phantom#643
Phantom#642
Phantom#641
Phantom#640
Phantom#639
Phantom#638
Phantom#637
Phantom#636
Phantom#625
Phantom#622
=== Sub_impl_canon_neq ===
Phantom#760
Phantom#759
Phantom#757
Phantom#754
Phantom#753
Phantom#752
Phantom#751
Phantom#750
Phantom#749
Phantom#748
Phantom#747
Phantom#746
Phantom#745
Phantom#744
Phantom#743
Phantom#742
Phantom#741
Phantom#740
Phantom#739
Phantom#738
Phantom#737
Phantom#736
Phantom#735
Phantom#734
Phantom#733
Phantom#732
Phantom#731
Phantom#730
Phantom#729
Phantom#728
Phantom#727
Phantom#726
Phantom#725
Phantom#724
Phantom#723
Phantom#722
Phantom#721
Phantom#720
Phantom#719
Phantom#718
Phantom#715
Phantom#714
Phantom#712
Phantom#711
Phantom#710
Phantom#709
Phantom#708
Phantom#707
Phantom#705
Phantom#702
=== Switch_gen_label_ok ===
Phantom#1176
Phantom#1175
Phantom#1173
=== Switch_tbl_label_ok ===
Phantom#1168
Phantom#1167
Phantom#1166
=== Table_action_ok ===
Phantom#1208
Phantom#1206
=== Table_actions_ok ===
Phantom#1209
=== Table_custom_ok ===
Phantom#1280
Phantom#1279
Phantom#1278
Phantom#1277
=== Table_entry_action_ok ===
Phantom#1255
=== Table_entry_keyset_ok ===
Phantom#1240
Phantom#1239
Phantom#1236
Phantom#1234
Phantom#1233
Phantom#1232
Phantom#1230
Phantom#1229
Phantom#1228
Phantom#1225
Phantom#1223
Phantom#1222
Phantom#1221
Phantom#1220
Phantom#1219
Phantom#1218
Phantom#1217
Phantom#1216
Phantom#1214
Phantom#1213
Phantom#1212
Phantom#1211
Phantom#1210
=== Table_entry_keysets_ok ===
Phantom#1247
Phantom#1244
Phantom#1243
=== Table_entry_keysets_state_ok ===
Phantom#1242
Phantom#1241
=== Table_entry_priority_ok ===
Phantom#1273
Phantom#1271
Phantom#1270
Phantom#1268
Phantom#1265
Phantom#1263
Phantom#1262
Phantom#1261
Phantom#1259
Phantom#1258
=== Table_key_ok ===
Phantom#1204
Phantom#1203
Phantom#1202
=== Table_type_decl_ok ===
Phantom#1283
=== TypeDef_wf ===
Phantom#231
Phantom#230
Phantom#228
=== Type_alpha ===
Phantom#135
Phantom#133
Phantom#125
Phantom#124
Phantom#123
Phantom#122
Phantom#121
Phantom#120
Phantom#119
Phantom#118
Phantom#117
Phantom#115
Phantom#114
Phantom#112
Phantom#111
Phantom#110
Phantom#108
Phantom#107
Phantom#106
Phantom#104
Phantom#103
Phantom#101
Phantom#99
Phantom#98
Phantom#97
Phantom#96
Phantom#95
Phantom#94
Phantom#93
Phantom#92
Phantom#91
Phantom#90
Phantom#89
Phantom#88
Phantom#87
Phantom#85
Phantom#84
Phantom#83
Phantom#82
Phantom#81
Phantom#80
Phantom#79
Phantom#78
Phantom#77
Phantom#76
Phantom#75
Phantom#74
Phantom#73
Phantom#71
Phantom#69
Phantom#68
Phantom#66
Phantom#65
Phantom#64
Phantom#63
Phantom#62
Phantom#61
Phantom#59
Phantom#56
Phantom#55
Phantom#54
Phantom#51
Phantom#50
Phantom#49
Phantom#48
Phantom#47
Phantom#46
Phantom#45
Phantom#44
Phantom#43
Phantom#41
Phantom#39
Phantom#36
Phantom#34
Phantom#32
Phantom#31
Phantom#30
Phantom#29
=== Type_ok ===
Phantom#617
Phantom#616
Phantom#614
Phantom#613
Phantom#610
Phantom#609
Phantom#608
Phantom#607
Phantom#606
Phantom#605
=== Type_wf ===
Phantom#222
Phantom#221
Phantom#220
Phantom#219
Phantom#218
Phantom#217
Phantom#216
Phantom#215
Phantom#214
Phantom#212
Phantom#211
Phantom#210
Phantom#209
Phantom#208
Phantom#207
Phantom#206
Phantom#205
Phantom#204
Phantom#203
Phantom#201
Phantom#199
Phantom#198
Phantom#197
Phantom#196
Phantom#194
Phantom#193
Phantom#191
Phantom#190
Phantom#188
Phantom#186
Phantom#185
Phantom#184
Phantom#183
Phantom#182
Phantom#181
Phantom#180
Phantom#178
Phantom#177
Phantom#176
Phantom#174
=== actions_of_table ===
Phantom#590
Phantom#589
=== add_consdef ===
Phantom#538
Phantom#537
=== add_funcdef ===
Phantom#533
Phantom#532
Phantom#531
=== add_funcdef_non_overload ===
Phantom#536
=== add_styp ===
Phantom#520
Phantom#519
=== add_styps ===
Phantom#522
Phantom#521
=== add_tparam ===
Phantom#530
Phantom#529
Phantom#528
=== add_typdef ===
Phantom#525
Phantom#523
=== add_typdefs ===
Phantom#527
Phantom#526
=== align_params_with_args' ===
Phantom#1285
=== bin_band ===
Phantom#397
Phantom#396
Phantom#395
Phantom#394
Phantom#393
=== bin_bor ===
Phantom#407
Phantom#406
Phantom#405
Phantom#404
Phantom#403
=== bin_bxor ===
Phantom#402
Phantom#401
Phantom#400
Phantom#399
Phantom#398
=== bin_concat ===
Phantom#410
Phantom#409
Phantom#408
=== bin_div ===
Phantom#326
Phantom#325
=== bin_eq ===
Phantom#387
Phantom#386
Phantom#385
Phantom#384
Phantom#383
Phantom#382
Phantom#381
Phantom#380
Phantom#379
Phantom#378
Phantom#377
Phantom#376
Phantom#375
Phantom#374
Phantom#373
Phantom#372
Phantom#371
Phantom#370
Phantom#369
Phantom#368
Phantom#367
=== bin_eqs ===
Phantom#389
=== bin_eqs_ ===
Phantom#392
Phantom#391
Phantom#390
=== bin_ge ===
Phantom#354
Phantom#353
Phantom#352
Phantom#351
Phantom#350
Phantom#349
=== bin_gt ===
Phantom#366
Phantom#365
Phantom#364
Phantom#363
Phantom#362
Phantom#361
=== bin_land ===
Phantom#412
Phantom#411
=== bin_le ===
Phantom#348
Phantom#347
Phantom#346
Phantom#345
Phantom#344
Phantom#343
=== bin_lor ===
Phantom#414
Phantom#413
=== bin_lt ===
Phantom#360
Phantom#359
Phantom#358
Phantom#357
Phantom#356
Phantom#355
=== bin_minus ===
Phantom#318
Phantom#317
Phantom#316
Phantom#315
Phantom#314
Phantom#313
=== bin_mod ===
Phantom#328
Phantom#327
=== bin_mul ===
Phantom#324
Phantom#323
Phantom#322
Phantom#321
Phantom#320
Phantom#319
=== bin_op ===
Phantom#306
=== bin_plus ===
Phantom#312
Phantom#311
Phantom#310
Phantom#309
Phantom#308
Phantom#307
=== bin_shl ===
Phantom#332
Phantom#331
Phantom#330
Phantom#329
=== bin_shr ===
Phantom#342
Phantom#341
Phantom#340
Phantom#339
Phantom#338
Phantom#337
Phantom#336
Phantom#335
Phantom#334
Phantom#333
=== bitacc_op ===
Phantom#467
=== cast_bool' ===
Phantom#431
Phantom#430
Phantom#429
Phantom#428
Phantom#427
=== cast_fbit' ===
Phantom#448
Phantom#447
Phantom#446
Phantom#445
=== cast_fint' ===
Phantom#442
Phantom#441
Phantom#440
Phantom#439
=== cast_header' ===
Phantom#454
Phantom#453
Phantom#452
=== cast_int' ===
Phantom#437
Phantom#436
Phantom#435
Phantom#434
=== cast_op ===
Phantom#415
=== cast_record' ===
Phantom#460
Phantom#459
Phantom#458
Phantom#457
=== cast_seq' ===
Phantom#456
Phantom#455
=== cast_set_mask' ===
Phantom#464
Phantom#463
=== cast_set_range' ===
Phantom#466
Phantom#465
=== cast_set_singleton' ===
Phantom#462
Phantom#461
=== cast_struct' ===
Phantom#451
Phantom#450
Phantom#449
=== coerce_assign ===
Phantom#1152
=== coerce_binary ===
Phantom#1149
Phantom#1148
Phantom#1146
=== default' ===
Phantom#426
Phantom#425
Phantom#424
Phantom#423
Phantom#422
Phantom#421
Phantom#420
Phantom#419
=== exit ===
Phantom#515
=== filter_directionless_args ===
Phantom#1254
Phantom#1252
=== find_consdef ===
Phantom#573
Phantom#572
Phantom#571
=== find_func ===
Phantom#502
Phantom#498
=== find_func_by_name ===
Phantom#509
=== find_funcdef ===
Phantom#563
Phantom#562
Phantom#561
Phantom#559
=== find_funcdef_by_name ===
Phantom#569
Phantom#568
Phantom#567
Phantom#565
=== find_funcs_by_name ===
Phantom#507
Phantom#506
Phantom#504
=== find_matching_func ===
Phantom#490
Phantom#489
Phantom#488
Phantom#486
Phantom#485
Phantom#482
=== find_matching_funcs ===
Phantom#496
Phantom#495
Phantom#494
Phantom#493
Phantom#491
=== find_styp ===
Phantom#546
Phantom#545
Phantom#543
Phantom#542
Phantom#540
=== find_typdef ===
Phantom#556
Phantom#555
Phantom#553
Phantom#552
Phantom#550
=== free_typ ===
Phantom#7
Phantom#6
Phantom#5
Phantom#4
Phantom#3
=== gen_cstr_fd' ===
Phantom#1288
Phantom#1287
=== gen_cstrs ===
Phantom#1286
=== get_lpm_prefix' ===
Phantom#581
Phantom#580
Phantom#578
Phantom#577
Phantom#576
=== get_num ===
Phantom#2
=== get_typ_ret_lkind ===
Phantom#516
=== get_width' ===
Phantom#26
Phantom#25
Phantom#24
=== is_trailing_action' ===
Phantom#301
Phantom#300
Phantom#299
Phantom#298
Phantom#296
=== joins_ctk ===
Phantom#512
Phantom#511
=== keys_of_table ===
Phantom#586
Phantom#585
=== merge_cstr ===
Phantom#1289
=== merge_cstr' ===
Phantom#1299
Phantom#1298
Phantom#1297
Phantom#1296
Phantom#1295
Phantom#1292
Phantom#1291
=== reduce_senum_unary ===
Phantom#1136
Phantom#1134
=== reduce_senums_binary ===
Phantom#1143
Phantom#1141
Phantom#1140
Phantom#1138
=== resolve_cstrs ===
Phantom#1303
=== size ===
Phantom#468
=== size_maxSizeInBits'' ===
Phantom#478
Phantom#477
Phantom#476
Phantom#475
Phantom#474
=== size_minSizeInBits'' ===
Phantom#473
Phantom#472
Phantom#471
Phantom#470
=== specialize_consdef ===
Phantom#23
=== specialize_funcdef ===
Phantom#19
Phantom#18
=== specialize_typdef ===
Phantom#14
Phantom#12
=== split_methods ===
Phantom#1189
=== subst_funcdef ===
Phantom#11
Phantom#10
=== subst_typdef_poly ===
Phantom#9
Phantom#8
=== to_fid' ===
Phantom#1
=== un_bnot ===
Phantom#302
=== un_lnot ===
Phantom#303
=== un_minus ===
Phantom#305
=== un_plus ===
Phantom#304
=== update_fdenv_extern ===
Phantom#1187
Phantom#1185
Phantom#1184
Phantom#1183
Phantom#1182
=== update_state ===
Phantom#582
