=== parse: expressions ===
1                                OK
  generated: (_NUM +1)
  reference: (_NUM +1)
x                                OK
  generated: (_ID "x")
  reference: (_ID "x")
true                             OK
  generated: (_BOOL true)
  reference: (_BOOL true)
1 + 2 + 3                        OK
  generated: (((_NUM +1) + (_NUM +2)) + (_NUM +3))
  reference: (((_NUM +1) + (_NUM +2)) + (_NUM +3))
1 + 2 <= 3                       OK
  generated: (((_NUM +1) + (_NUM +2)) <= (_NUM +3))
  reference: (((_NUM +1) + (_NUM +2)) <= (_NUM +3))
a <= b + c                       OK
  generated: ((_ID "a") <= ((_ID "b") + (_ID "c")))
  reference: ((_ID "a") <= ((_ID "b") + (_ID "c")))
! a && b                         OK
  generated: ((! (_ID "a")) && (_ID "b"))
  reference: ((! (_ID "a")) && (_ID "b"))
! (a + b) <= c && d              OK
  generated: (((! ((_ID "a") + (_ID "b"))) <= (_ID "c")) && (_ID "d"))
  reference: (((! ((_ID "a") + (_ID "b"))) <= (_ID "c")) && (_ID "d"))
1 + (2 + 3)                      OK
  generated: ((_NUM +1) + ((_NUM +2) + (_NUM +3)))
  reference: ((_NUM +1) + ((_NUM +2) + (_NUM +3)))

=== parse: programs (base .imp corpus) ===
_errors_add_bool.imp             OK
  generated: ((INT) (_ID "x") = ((_BOOL true) + (_NUM +1)))
  reference: ((INT) (_ID "x") = ((_BOOL true) + (_NUM +1)))
_errors_assign_mismatch.imp      OK
  generated: (((INT) (_ID "x") = (_NUM +0)) ; ((_ID "x") = (_BOOL true)))
  reference: (((INT) (_ID "x") = (_NUM +0)) ; ((_ID "x") = (_BOOL true)))
_errors_bad_assign.imp           OK
  generated: ((INT) (_ID "x") = (_BOOL true))
  reference: ((INT) (_ID "x") = (_BOOL true))
_errors_if_not_bool.imp          OK
  generated: (((INT) (_ID "n") = (_NUM +1)) ; (IF (_ID "n") THEN (SKIP) ELSE (SKIP) END))
  reference: (((INT) (_ID "n") = (_NUM +1)) ; (IF (_ID "n") THEN (SKIP) ELSE (SKIP) END))
_errors_not_int.imp              OK
  generated: ((BOOL) (_ID "b") = (! (_NUM +5)))
  reference: ((BOOL) (_ID "b") = (! (_NUM +5)))
_errors_undeclared.imp           OK
  generated: ((_ID "x") = (_NUM +5))
  reference: ((_ID "x") = (_NUM +5))
arith.imp                        OK
  generated: (((INT) (_ID "x") = (((_NUM +1) + (_NUM +2)) + (_NUM +3))) ; ((INT) (_ID "y") = ((_ID "x") + (_ID "x"))))
  reference: (((INT) (_ID "x") = (((_NUM +1) + (_NUM +2)) + (_NUM +3))) ; ((INT) (_ID "y") = ((_ID "x") + (_ID "x"))))
assign.imp                       OK
  generated: (((INT) (_ID "x") = (_NUM +1)) ; ((_ID "x") = ((_ID "x") + (_NUM +5))))
  reference: (((INT) (_ID "x") = (_NUM +1)) ; ((_ID "x") = ((_ID "x") + (_NUM +5))))
bool_ops.imp                     OK
  generated: (((BOOL) (_ID "t") = ((! (_BOOL false)) && (_BOOL true))) ; ((BOOL) (_ID "f") = ((! (_ID "t")) && (_BOOL false))))
  reference: (((BOOL) (_ID "t") = ((! (_BOOL false)) && (_BOOL true))) ; ((BOOL) (_ID "f") = ((! (_ID "t")) && (_BOOL false))))
hello.imp                        OK
  generated: (((INT) (_ID "x") = (_NUM +5)) ; ((BOOL) (_ID "y") = ((_ID "x") <= (_NUM +10))))
  reference: (((INT) (_ID "x") = (_NUM +5)) ; ((BOOL) (_ID "y") = ((_ID "x") <= (_NUM +10))))
ite.imp                          OK
  generated: (((((INT) (_ID "x") = (_NUM +0)) ; ((INT) (_ID "y") = (_NUM +0))) ; (IF (_BOOL true) THEN ((_ID "x") = (_NUM +1)) ELSE ((_ID "x") = (_NUM +2)) END)) ; (IF (_BOOL false) THEN ((_ID "y") = (_NUM +1)) ELSE ((_ID "y") = (_NUM +2)) END))
  reference: (((((INT) (_ID "x") = (_NUM +0)) ; ((INT) (_ID "y") = (_NUM +0))) ; (IF (_BOOL true) THEN ((_ID "x") = (_NUM +1)) ELSE ((_ID "x") = (_NUM +2)) END)) ; (IF (_BOOL false) THEN ((_ID "y") = (_NUM +1)) ELSE ((_ID "y") = (_NUM +2)) END))
loop.imp                         OK
  generated: ((((INT) (_ID "i") = (_NUM +0)) ; ((INT) (_ID "sum") = (_NUM +0))) ; (WHILE ((_ID "i") <= (_NUM +10)) DO (((_ID "sum") = ((_ID "sum") + (_ID "i"))) ; ((_ID "i") = ((_ID "i") + (_NUM +1)))) END))
  reference: ((((INT) (_ID "i") = (_NUM +0)) ; ((INT) (_ID "sum") = (_NUM +0))) ; (WHILE ((_ID "i") <= (_NUM +10)) DO (((_ID "sum") = ((_ID "sum") + (_ID "i"))) ; ((_ID "i") = ((_ID "i") + (_NUM +1)))) END))
shadow.imp                       OK
  generated: (((INT) (_ID "x") = (_NUM +1)) ; ((INT) (_ID "x") = ((_ID "x") + (_NUM +100))))
  reference: (((INT) (_ID "x") = (_NUM +1)) ; ((INT) (_ID "x") = ((_ID "x") + (_NUM +100))))
skip.imp                         OK
  generated: (SKIP)
  reference: (SKIP)

=== round-trip: expressions ===
1                                OK
  printed: 1
x                                OK
  printed: x
true                             OK
  printed: true
1 + 2 + 3                        OK
  printed: 1 + 2 + 3
1 + 2 <= 3                       OK
  printed: 1 + 2 <= 3
a <= b + c                       OK
  printed: a <= b + c
! a && b                         OK
  printed: ! a && b
! (a + b) <= c && d              OK
  printed: ! (a + b) <= c && d
1 + (2 + 3)                      OK
  printed: 1 + (2 + 3)

=== round-trip: programs (base .imp corpus) ===
_errors_add_bool.imp             OK
  printed: int x = true + 1
_errors_assign_mismatch.imp      OK
  printed: int x = 0 ; x = true
_errors_bad_assign.imp           OK
  printed: int x = true
_errors_if_not_bool.imp          OK
  printed: int n = 1 ; if n then skip else skip end
_errors_not_int.imp              OK
  printed: bool b = ! 5
_errors_undeclared.imp           OK
  printed: x = 5
arith.imp                        OK
  printed: int x = 1 + 2 + 3 ; int y = x + x
assign.imp                       OK
  printed: int x = 1 ; x = x + 5
bool_ops.imp                     OK
  printed: bool t = ! false && true ; bool f = ! t && false
hello.imp                        OK
  printed: int x = 5 ; bool y = x <= 10
ite.imp                          OK
  printed: int x = 0 ; int y = 0 ; if true then x = 1 else x = 2 end ; if false then y = 1 else y = 2 end
loop.imp                         OK
  printed: int i = 0 ; int sum = 0 ; while i <= 10 do sum = sum + i ; i = i + 1 end
shadow.imp                       OK
  printed: int x = 1 ; int x = x + 100
skip.imp                         OK
  printed: skip
