Cannot find file for ../../../testdata/petr4/stf/dynamic.stf in ../../../testdata/petr4/program/well-typed
Cannot find file for ../../../testdata/petr4/stf/error.stf in ../../../testdata/petr4/program/well-typed
Cannot find file for ../../../testdata/petr4/stf/issue393-2.stf in ../../../testdata/petr4/program/well-typed
Cannot find file for ../../../testdata/petr4/stf/issue396-1.stf in ../../../testdata/petr4/program/well-typed
Cannot find file for ../../../testdata/petr4/stf/subparser.stf in ../../../testdata/petr4/program/well-typed
Running run tests on 43 files


>>> Running run test on ../../../testdata/petr4/program/well-typed/bitstring_slices.p4 with ../../../testdata/petr4/stf/bitstring_slices.stf
[PASS] Expected: 0 2B0A6A1A0100010302012A3F00 / Got: 0 2B0A6A1A0100010302012A3F00
Run success

>>> Running run test on ../../../testdata/petr4/program/well-typed/bitstrings.p4 with ../../../testdata/petr4/stf/bitstrings.stf
[PASS] Expected: 0 01010101010101012A2A2A2A2A00 / Got: 0 01010101010101012A2A2A2A2A00
Run success

>>> Running run test on ../../../testdata/petr4/program/well-typed/bitstrings2.p4 with ../../../testdata/petr4/stf/bitstrings2.stf
[PASS] Expected: 0 2A2AD52A2A2A2A2AFF002A2A0100 / Got: 0 2A2AD52A2A2A2A2AFF002A2A0100
Run success

>>> Running run test on ../../../testdata/petr4/program/well-typed/bool.p4 with ../../../testdata/petr4/stf/bool.stf
[PASS] Expected: 0 010101000000010100010000 / Got: 0 010101000000010100010000
Run success

>>> Running run test on ../../../testdata/petr4/program/well-typed/bool2.p4 with ../../../testdata/petr4/stf/bool2.stf
[PASS] Expected: 0 010001000000010101000000 / Got: 0 010001000000010101000000
Run success

>>> Running run test on ../../../testdata/petr4/program/well-typed/casts.p4 with ../../../testdata/petr4/stf/casts.stf
[PASS] Expected: 0 010F0F04FFFFF800000005000000050000000500000005000000060000000600 / Got: 0 010F0F04FFFFF800000005000000050000000500000005000000060000000600
Run success

>>> Running run test on ../../../testdata/petr4/program/well-typed/counter.p4 with ../../../testdata/petr4/stf/counter.stf
[PASS] Expected: 0 00 / Got: 0 00
Run success

>>> Running run test on ../../../testdata/petr4/program/well-typed/equality.p4 with ../../../testdata/petr4/stf/equality.stf
[FAIL] Expected: 9 000001010101010100 / Got: 0 3000001013330101010100
Error on stf test

>>> Running run test on ../../../testdata/petr4/program/well-typed/error2.p4 with ../../../testdata/petr4/stf/error2.stf
[PASS] Expected: 1 0000 / Got: 1 0000
Run success

>>> Running run test on ../../../testdata/petr4/program/well-typed/exit.p4 with ../../../testdata/petr4/stf/exit.stf
Error on run: File ../../../testdata/petr4/program/well-typed/exit.p4, line 16, characters 26-54
(eval_call_method_expr) method call as an expression must return a value

>>> Running run test on ../../../testdata/petr4/program/well-typed/extraction.p4 with ../../../testdata/petr4/stf/extraction.stf
[PASS] Expected: 0 4848656C6C6F2C20576F726C6421 / Got: 0 4848656C6C6F2C20576F726C6421
Run success

>>> Running run test on ../../../testdata/petr4/program/well-typed/function_scoping.p4 with ../../../testdata/petr4/stf/function_scoping.stf
[PASS] Expected: 0 2A00 / Got: 0 2A00
Run success

>>> Running run test on ../../../testdata/petr4/program/well-typed/hash_identity.p4 with ../../../testdata/petr4/stf/hash_identity.stf
[PASS] Expected: 0 0123456789ABCDEF0123456789ABCD0000000000 / Got: 0 0123456789ABCDEF0123456789ABCD0000000000
Run success

>>> Running run test on ../../../testdata/petr4/program/well-typed/header-test.p4 with ../../../testdata/petr4/stf/header-test.stf
[PASS] Expected: 0 01010000010001020300 / Got: 0 01010000010001020300
Run success

>>> Running run test on ../../../testdata/petr4/program/well-typed/hello.p4 with ../../../testdata/petr4/stf/hello.stf
[PASS] Expected: 9 2A2A*A2A2A2A2A2*2A2A2A2A21 / Got: 9 2A2A2A2A2A2A2A2A2A2A2A2A21
Run success

>>> Running run test on ../../../testdata/petr4/program/well-typed/int.p4 with ../../../testdata/petr4/stf/int.stf
[FAIL] Expected: 0 2A2A2A2A7F8000 / Got: 0 2A2A2A2A807F00
Error on stf test
>>>>> Rerunning run test on ../../../testdata/petr4/program/well-typed/int.p4 with ../../../testdata/petr4/stf-patch/int.stf
[PASS] Expected: 0 2A2A2A2A807F00 / Got: 0 2A2A2A2A807F00
Run success

>>> Running run test on ../../../testdata/petr4/program/well-typed/int2.p4 with ../../../testdata/petr4/stf/int2.stf
[PASS] Expected: 0 01010101010101012A2A2A2A2A00 / Got: 0 01010101010101012A2A2A2A2A00
Run success

>>> Running run test on ../../../testdata/petr4/program/well-typed/issue235.p4 with ../../../testdata/petr4/stf/issue235.stf
[PASS] Expected: 0 00000000000000010000000000000000 / Got: 0 00000000000000010000000000000000
Run success

>>> Running run test on ../../../testdata/petr4/program/well-typed/issue393-1.p4 with ../../../testdata/petr4/stf/issue393-1.stf
[PASS] Expected: 0 FF / Got: 0 FF
Run success

>>> Running run test on ../../../testdata/petr4/program/well-typed/masks.p4 with ../../../testdata/petr4/stf/masks.stf
[PASS] Expected: 0 010203040500 / Got: 0 010203040500
Run success

>>> Running run test on ../../../testdata/petr4/program/well-typed/multiple-calls.p4 with ../../../testdata/petr4/stf/multiple-calls.stf
[PASS] Expected: 0 02 / Got: 0 02
Run success

>>> Running run test on ../../../testdata/petr4/program/well-typed/named-arg-copy-out.p4 with ../../../testdata/petr4/stf/named-arg-copy-out.stf
[PASS] Expected: 0 01AABB040506 / Got: 0 01AABB040506
Run success

>>> Running run test on ../../../testdata/petr4/program/well-typed/named-arg.p4 with ../../../testdata/petr4/stf/named-arg.stf
[PASS] Expected: 0 01BBAAAABB06 / Got: 0 01BBAAAABB06
Run success

>>> Running run test on ../../../testdata/petr4/program/well-typed/out_params.p4 with ../../../testdata/petr4/stf/out_params.stf
[PASS] Expected: 0 0002010300 / Got: 0 0002010300
Run success

>>> Running run test on ../../../testdata/petr4/program/well-typed/parser-locators-stack.p4 with ../../../testdata/petr4/stf/parser-locators-stack.stf
[PASS] Expected: 0 01 / Got: 0 01
Run success

>>> Running run test on ../../../testdata/petr4/program/well-typed/parser-locators.p4 with ../../../testdata/petr4/stf/parser-locators.stf
[PASS] Expected: 0 01 / Got: 0 01
Run success

>>> Running run test on ../../../testdata/petr4/program/well-typed/parsing.p4 with ../../../testdata/petr4/stf/parsing.stf
[PASS] Expected: 0 01020304050600 / Got: 0 01020304050600
Run success

>>> Running run test on ../../../testdata/petr4/program/well-typed/ranges.p4 with ../../../testdata/petr4/stf/ranges.stf
[PASS] Expected: 0 01020304050600 / Got: 0 01020304050600
Run success

>>> Running run test on ../../../testdata/petr4/program/well-typed/rawint.p4 with ../../../testdata/petr4/stf/rawint.stf
[PASS] Expected: 0 01010101010101012A2A2A2A2A2A2A00 / Got: 0 01010101010101012A2A2A2A2A2A2A00
Run success

>>> Running run test on ../../../testdata/petr4/program/well-typed/register.p4 with ../../../testdata/petr4/stf/register.stf
[PASS] Expected: 0 0000000000 / Got: 0 0000000000
[PASS] Expected: 0 0000000F00 / Got: 0 0000000F00
[PASS] Expected: 0 0000001E00 / Got: 0 0000001E00
Run success

>>> Running run test on ../../../testdata/petr4/program/well-typed/scope.p4 with ../../../testdata/petr4/stf/scope.stf
[PASS] Expected: 0 00 / Got: 0 00
Run success

>>> Running run test on ../../../testdata/petr4/program/well-typed/shifts.p4 with ../../../testdata/petr4/stf/shifts.stf
[PASS] Expected: 0 01A82A00 / Got: 0 01A82A00
Run success

>>> Running run test on ../../../testdata/petr4/program/well-typed/simple_function.p4 with ../../../testdata/petr4/stf/simple_function.stf
[PASS] Expected: 0 2A2A000000 / Got: 0 2A2A000000
Run success

>>> Running run test on ../../../testdata/petr4/program/well-typed/stack.p4 with ../../../testdata/petr4/stf/stack.stf
[PASS] Expected: 0 000000052A2A2A2A2A2A2A2A00 / Got: 0 000000052A2A2A2A2A2A2A2A00
Run success

>>> Running run test on ../../../testdata/petr4/program/well-typed/struct.p4 with ../../../testdata/petr4/stf/struct.stf
[PASS] Expected: 0 2A012A0100 / Got: 0 2A012A0100
Run success

>>> Running run test on ../../../testdata/petr4/program/well-typed/subcontrol.p4 with ../../../testdata/petr4/stf/subcontrol.stf
[PASS] Expected: 0 0700 / Got: 0 0700
Run success

>>> Running run test on ../../../testdata/petr4/program/well-typed/switch-stmt.p4 with ../../../testdata/petr4/stf/switch-stmt.stf
[PASS] Expected: 1 020200 / Got: 1 020200
Run success

>>> Running run test on ../../../testdata/petr4/program/well-typed/table.p4 with ../../../testdata/petr4/stf/table.stf
[PASS] Expected: 0 00 / Got: 0 00
Run success

>>> Running run test on ../../../testdata/petr4/program/well-typed/table2.p4 with ../../../testdata/petr4/stf/table2.stf
[FAIL] Expected: 1 0600 / Got: 6 0600
Error on stf test

>>> Running run test on ../../../testdata/petr4/program/well-typed/table3.p4 with ../../../testdata/petr4/stf/table3.stf
[FAIL] Expected: 0 0400 / Got: 339 0400
Error on stf test

>>> Running run test on ../../../testdata/petr4/program/well-typed/union.p4 with ../../../testdata/petr4/stf/union.stf
[PASS] Expected: 0 2A0100002A0001002A00012A01000000000000 / Got: 0 2A0100002A0001002A00012A01000000000000
Run success

>>> Running run test on ../../../testdata/petr4/program/well-typed/uop.p4 with ../../../testdata/petr4/stf/uop.stf
[PASS] Expected: 0 0A0BFB0100 / Got: 0 0A0BFB0100
Run success

>>> Running run test on ../../../testdata/petr4/program/well-typed/zero.p4 with ../../../testdata/petr4/stf/zero.stf
[PASS] Expected: 9 00 / Got: 9 00
Run success

Parser on file: [PASS] 43/43 (100.00%) [FAIL] 0/43 (0.00%)
Typecheck: [PASS] 43/43 (100.00%) [FAIL] 0/43 (0.00%)
Instantiate: [PASS] 43/43 (100.00%) [FAIL] 0/43 (0.00%)
Run: [PASS] 39/43 (90.70%) [FAIL] 4/43 (9.30%)
