Running typecheck roundtrip tests on 220 files


>>> Running typecheck test on ../../../testdata/p4c/program/well-typed-excluded/future/concat-string/issue4932.p4
Error on typecheck: File ../../../testdata/p4c/program/well-typed-excluded/future/concat-string/issue4932.p4, line 25, characters 24-36
(reduce_senums_binary) cannot coerce types string and string

>>> Running typecheck test on ../../../testdata/p4c/program/well-typed-excluded/future/concat-string/spec-issue1297-string-cat.p4
Error on typecheck: File ../../../testdata/p4c/program/well-typed-excluded/future/concat-string/spec-issue1297-string-cat.p4, line 22, characters 33-41
(reduce_senums_binary) cannot coerce types string and string

>>> Running typecheck test on ../../../testdata/p4c/program/well-typed-excluded/future/forloop/forloop1.p4
Error on parser: File ../../../testdata/p4c/program/well-typed-excluded/future/forloop/forloop1.p4, line 23, characters 16-17
parser error

>>> Running typecheck test on ../../../testdata/p4c/program/well-typed-excluded/future/forloop/forloop2.p4
Error on parser: File ../../../testdata/p4c/program/well-typed-excluded/future/forloop/forloop2.p4, line 16, characters 9-12
parser error

>>> Running typecheck test on ../../../testdata/p4c/program/well-typed-excluded/future/forloop/forloop3.p4
Error on parser: File ../../../testdata/p4c/program/well-typed-excluded/future/forloop/forloop3.p4, line 18, characters 13-16
parser error

>>> Running typecheck test on ../../../testdata/p4c/program/well-typed-excluded/future/forloop/forloop4.p4
Error on parser: File ../../../testdata/p4c/program/well-typed-excluded/future/forloop/forloop4.p4, line 22, characters 13-16
parser error

>>> Running typecheck test on ../../../testdata/p4c/program/well-typed-excluded/future/forloop/forloop5.p4
Error on parser: File ../../../testdata/p4c/program/well-typed-excluded/future/forloop/forloop5.p4, line 18, characters 13-16
parser error

>>> Running typecheck test on ../../../testdata/p4c/program/well-typed-excluded/future/forloop/forloop5a.p4
Error on parser: File ../../../testdata/p4c/program/well-typed-excluded/future/forloop/forloop5a.p4, line 18, characters 13-16
parser error

>>> Running typecheck test on ../../../testdata/p4c/program/well-typed-excluded/future/forloop/forloop6.p4
Error on parser: File ../../../testdata/p4c/program/well-typed-excluded/future/forloop/forloop6.p4, line 19, characters 13-16
parser error

>>> Running typecheck test on ../../../testdata/p4c/program/well-typed-excluded/future/forloop/forloop7.p4
Error on parser: File ../../../testdata/p4c/program/well-typed-excluded/future/forloop/forloop7.p4, line 18, characters 13-16
parser error

>>> Running typecheck test on ../../../testdata/p4c/program/well-typed-excluded/future/forloop/issue4739.p4
Error on parser: File ../../../testdata/p4c/program/well-typed-excluded/future/forloop/issue4739.p4, line 51, characters 13-16
parser error

>>> Running typecheck test on ../../../testdata/p4c/program/well-typed-excluded/future/generic-parser-control/functors6.p4
Error on typecheck: File ../../../testdata/p4c/program/well-typed-excluded/future/generic-parser-control/functors6.p4, from line 19 character 0 to line 24 character 1
(type_parser_decl) parser declarations cannot be generic

>>> Running typecheck test on ../../../testdata/p4c/program/well-typed-excluded/future/generic-parser-control/functors7.p4
Error on typecheck: File ../../../testdata/p4c/program/well-typed-excluded/future/generic-parser-control/functors7.p4, from line 19 character 0 to line 24 character 1
(type_parser_decl) parser declarations cannot be generic

>>> Running typecheck test on ../../../testdata/p4c/program/well-typed-excluded/future/generic-parser-control/functors8.p4
Error on typecheck: File ../../../testdata/p4c/program/well-typed-excluded/future/generic-parser-control/functors8.p4, from line 24 character 0 to line 30 character 1
(type_parser_decl) parser declarations cannot be generic

>>> Running typecheck test on ../../../testdata/p4c/program/well-typed-excluded/future/generic-parser-control/functors9.p4
Error on typecheck: File ../../../testdata/p4c/program/well-typed-excluded/future/generic-parser-control/functors9.p4, from line 24 character 0 to line 30 character 1
(type_parser_decl) parser declarations cannot be generic

>>> Running typecheck test on ../../../testdata/p4c/program/well-typed-excluded/future/generic-parser-control/generic.p4
Error on typecheck: File ../../../testdata/p4c/program/well-typed-excluded/future/generic-parser-control/generic.p4, from line 27 character 0 to line 34 character 1
(type_control_decl) Control declarations cannot be generic

>>> Running typecheck test on ../../../testdata/p4c/program/well-typed-excluded/future/generic-parser-control/generic1.p4
Error on typecheck: File ../../../testdata/p4c/program/well-typed-excluded/future/generic-parser-control/generic1.p4, from line 25 character 0 to line 32 character 1
(type_control_decl) Control declarations cannot be generic

>>> Running typecheck test on ../../../testdata/p4c/program/well-typed-excluded/future/generic-parser-control/issue1914-1.p4
Error on typecheck: File ../../../testdata/p4c/program/well-typed-excluded/future/generic-parser-control/issue1914-1.p4, from line 31 character 0 to line 33 character 1
(type_control_decl) Control declarations cannot be generic

>>> Running typecheck test on ../../../testdata/p4c/program/well-typed-excluded/future/generic-parser-control/issue1914.p4
Error on typecheck: File ../../../testdata/p4c/program/well-typed-excluded/future/generic-parser-control/issue1914.p4, from line 31 character 0 to line 33 character 1
(type_control_decl) Control declarations cannot be generic

>>> Running typecheck test on ../../../testdata/p4c/program/well-typed-excluded/future/generic-parser-control/issue2019-1.p4
Error on typecheck: File ../../../testdata/p4c/program/well-typed-excluded/future/generic-parser-control/issue2019-1.p4, from line 10 character 0 to line 12 character 1
(type_control_decl) Control declarations cannot be generic

>>> Running typecheck test on ../../../testdata/p4c/program/well-typed-excluded/future/generic-parser-control/issue2019.p4
Error on typecheck: File ../../../testdata/p4c/program/well-typed-excluded/future/generic-parser-control/issue2019.p4, from line 3 character 0 to line 5 character 1
(type_control_decl) Control declarations cannot be generic

>>> Running typecheck test on ../../../testdata/p4c/program/well-typed-excluded/future/generic-parser-control/issue2265.p4
Error on typecheck: File ../../../testdata/p4c/program/well-typed-excluded/future/generic-parser-control/issue2265.p4, from line 7 character 0 to line 12 character 1
(type_control_decl) Control declarations cannot be generic

>>> Running typecheck test on ../../../testdata/p4c/program/well-typed-excluded/future/generic-parser-control/issue344.p4
Error on typecheck: File ../../../testdata/p4c/program/well-typed-excluded/future/generic-parser-control/issue344.p4, from line 17 character 0 to line 19 character 1
(type_control_decl) Control declarations cannot be generic

>>> Running typecheck test on ../../../testdata/p4c/program/well-typed-excluded/future/generic-parser-control/spec-issue1068.p4
Error on typecheck: File ../../../testdata/p4c/program/well-typed-excluded/future/generic-parser-control/spec-issue1068.p4, from line 1 character 0 to line 5 character 1
(type_parser_decl) parser declarations cannot be generic

>>> Running typecheck test on ../../../testdata/p4c/program/well-typed-excluded/spec-clarify/abstract-method-overload/issue2175-1.p4
Error on typecheck: File ../../../testdata/p4c/program/well-typed-excluded/spec-clarify/abstract-method-overload/issue2175-1.p4, from line 29 character 4 to line 35 character 6
(type_instantiation_decl) abstract method g(x) was not declared

>>> Running typecheck test on ../../../testdata/p4c/program/well-typed-excluded/spec-clarify/abstract-method-overload/issue2175-3.p4
Error on typecheck: File ../../../testdata/p4c/program/well-typed-excluded/spec-clarify/abstract-method-overload/issue2175-3.p4, from line 7 character 4 to line 11 character 6
(type_instantiation_decl) abstract method a(arg1) was not declared

>>> Running typecheck test on ../../../testdata/p4c/program/well-typed-excluded/spec-clarify/abstract-method-overload/issue2175-4.p4
Error on typecheck: File ../../../testdata/p4c/program/well-typed-excluded/spec-clarify/abstract-method-overload/issue2175-4.p4, from line 31 character 4 to line 37 character 6
(type_instantiation_decl) abstract method g(x) was not declared

>>> Running typecheck test on ../../../testdata/p4c/program/well-typed-excluded/spec-clarify/abstract-method-overload/virtual.p4
Error on typecheck: File ../../../testdata/p4c/program/well-typed-excluded/spec-clarify/abstract-method-overload/virtual.p4, from line 32 character 4 to line 45 character 6
(type_instantiation_decl) abstract method g(x) was not declared

>>> Running typecheck test on ../../../testdata/p4c/program/well-typed-excluded/spec-clarify/access-compile-time-known/constStruct.p4
Error on typecheck: File ../../../testdata/p4c/program/well-typed-excluded/spec-clarify/access-compile-time-known/constStruct.p4, line 8, characters 18-30
(check_ctk) ((bit<16>) (s.x)) is not a local compile-time known expression

>>> Running typecheck test on ../../../testdata/p4c/program/well-typed-excluded/spec-clarify/access-compile-time-known/struct.p4
Error on typecheck: File ../../../testdata/p4c/program/well-typed-excluded/spec-clarify/access-compile-time-known/struct.p4, line 37, characters 18-22
(check_ctk) t.t1 is not a local compile-time known expression

>>> Running typecheck test on ../../../testdata/p4c/program/well-typed-excluded/spec-clarify/access-compile-time-known/struct1.p4
Error on typecheck: File ../../../testdata/p4c/program/well-typed-excluded/spec-clarify/access-compile-time-known/struct1.p4, line 38, characters 18-22
(check_ctk) t.t1 is not a local compile-time known expression

>>> Running typecheck test on ../../../testdata/p4c/program/well-typed-excluded/spec-clarify/access-compile-time-known/tuple3.p4
Error on typecheck: File ../../../testdata/p4c/program/well-typed-excluded/spec-clarify/access-compile-time-known/tuple3.p4, line 2, characters 18-22
(check_ctk) t[0] is not a local compile-time known expression

>>> Running typecheck test on ../../../testdata/p4c/program/well-typed-excluded/spec-clarify/builtin-local-compile-time-known/factory1.p4
Error on typecheck: File ../../../testdata/p4c/program/well-typed-excluded/spec-clarify/builtin-local-compile-time-known/factory1.p4, line 28, characters 7-30
(check_call_site) extern_func(
  a bit<16>,
  b bit<8>) -> (extern widget {

      })<> cannot be called from Package

>>> Running typecheck test on ../../../testdata/p4c/program/well-typed-excluded/spec-clarify/builtin-local-compile-time-known/factory2.p4
Error on typecheck: File ../../../testdata/p4c/program/well-typed-excluded/spec-clarify/builtin-local-compile-time-known/factory2.p4, line 28, characters 7-30
(check_call_site) extern_func(
  a bit<16>,
  b bit<8>) -> (extern widget {

      }<T>)<bit<8>> cannot be called from Package

>>> Running typecheck test on ../../../testdata/p4c/program/well-typed-excluded/spec-clarify/builtin-local-compile-time-known/hashext3.p4
Error on typecheck: File ../../../testdata/p4c/program/well-typed-excluded/spec-clarify/builtin-local-compile-time-known/hashext3.p4, line 50, characters 19-59
(check_ctk) random_hash(false, false) is not a compile-time known expression

>>> Running typecheck test on ../../../testdata/p4c/program/well-typed-excluded/spec-clarify/builtin-local-compile-time-known/issue3531.p4
Error on typecheck: File ../../../testdata/p4c/program/well-typed-excluded/spec-clarify/builtin-local-compile-time-known/issue3531.p4, line 10, characters 18-92
(check_call_site) extern_func(
  check bool,
  message string) -> bool cannot be called from top level

>>> Running typecheck test on ../../../testdata/p4c/program/well-typed-excluded/spec-clarify/call-site-restrictions/control-toplevel-call-func/issue2488-bmv2.p4
Error on typecheck: File ../../../testdata/p4c/program/well-typed-excluded/spec-clarify/call-site-restrictions/control-toplevel-call-func/issue2488-bmv2.p4, line 37, characters 42-65
(check_call_site) func(inout s bit<48>) -> bit<48> cannot be called from Control

>>> Running typecheck test on ../../../testdata/p4c/program/well-typed-excluded/spec-clarify/call-site-restrictions/control-toplevel-call-func/issue2543-1.p4
Error on typecheck: File ../../../testdata/p4c/program/well-typed-excluded/spec-clarify/call-site-restrictions/control-toplevel-call-func/issue2543-1.p4, line 23, characters 28-38
(check_call_site) func() -> bit<16> cannot be called from Control

>>> Running typecheck test on ../../../testdata/p4c/program/well-typed-excluded/spec-clarify/call-site-restrictions/func-body-call-extern/issue3274-2.p4
Error on typecheck: File ../../../testdata/p4c/program/well-typed-excluded/spec-clarify/call-site-restrictions/func-body-call-extern/issue3274-2.p4, line 4, characters 4-20
(check_call_site) extern_func(
  in x bit<32>,
  out y bit<16>) -> bit<32> cannot be called from Function

>>> Running typecheck test on ../../../testdata/p4c/program/well-typed-excluded/spec-clarify/call-site-restrictions/func-body-call-extern/issue3274.p4
Error on typecheck: File ../../../testdata/p4c/program/well-typed-excluded/spec-clarify/call-site-restrictions/func-body-call-extern/issue3274.p4, line 4, characters 11-26
(check_call_site) extern_func(
  in x bit<32>,
  out y bit<16>) -> bit<32> cannot be called from Function

>>> Running typecheck test on ../../../testdata/p4c/program/well-typed-excluded/spec-clarify/call-site-restrictions/func-body-call-extern/issue3292.p4
Error on typecheck: File ../../../testdata/p4c/program/well-typed-excluded/spec-clarify/call-site-restrictions/func-body-call-extern/issue3292.p4, line 8, characters 2-7
(check_call_site) extern_func(in p (header h {
        f t
      }<t>)<t>) -> void cannot be called from Function

>>> Running typecheck test on ../../../testdata/p4c/program/well-typed-excluded/spec-clarify/call-site-restrictions/func-body-call-extern/issue4500.p4
Error on typecheck: File ../../../testdata/p4c/program/well-typed-excluded/spec-clarify/call-site-restrictions/func-body-call-extern/issue4500.p4, line 10, characters 4-11
(check_call_site) extern_func(x enum E { e0 }) -> void cannot be called from Function

>>> Running typecheck test on ../../../testdata/p4c/program/well-typed-excluded/spec-clarify/call-site-restrictions/parser-toplevel-call-func/issue1538.p4
Error on typecheck: File ../../../testdata/p4c/program/well-typed-excluded/spec-clarify/call-site-restrictions/parser-toplevel-call-func/issue1538.p4, line 56, characters 23-69
(check_call_site) func(in x bit<16>) -> bit<16> cannot be called from Parser

>>> Running typecheck test on ../../../testdata/p4c/program/well-typed-excluded/spec-clarify/call-site-restrictions/parser-toplevel-call-func/issue2957.p4
Error on typecheck: File ../../../testdata/p4c/program/well-typed-excluded/spec-clarify/call-site-restrictions/parser-toplevel-call-func/issue2957.p4, line 23, characters 32-45
(check_call_site) func(
  in val bit<3>,
  in bound bit<3>) -> bit<3> cannot be called from Parser

>>> Running typecheck test on ../../../testdata/p4c/program/well-typed-excluded/spec-clarify/call-site-restrictions/table-body-call-func/issue2258-bmv2.p4
Typecheck success

>>> Running typecheck test on ../../../testdata/p4c/program/well-typed-excluded/spec-clarify/call-site-restrictions/table-body-call-func/issue2266.p4
Typecheck success

>>> Running typecheck test on ../../../testdata/p4c/program/well-typed-excluded/spec-clarify/call-site-restrictions/table-body-call-func/issue2321.p4
Typecheck success

>>> Running typecheck test on ../../../testdata/p4c/program/well-typed-excluded/spec-clarify/call-site-restrictions/table-body-call-func/issue4796.p4
Typecheck success

>>> Running typecheck test on ../../../testdata/p4c/program/well-typed-excluded/spec-clarify/call-site-restrictions/table-body-call-table/issue2362-bmv2.p4
Typecheck success

>>> Running typecheck test on ../../../testdata/p4c/program/well-typed-excluded/spec-clarify/call-site-restrictions/table-body-call-table/issue2546-1.p4
Typecheck success

>>> Running typecheck test on ../../../testdata/p4c/program/well-typed-excluded/spec-clarify/call-site-restrictions/table-body-call-table/issue2546-2.p4
Typecheck success

>>> Running typecheck test on ../../../testdata/p4c/program/well-typed-excluded/spec-clarify/call-site-restrictions/table-body-call-table/issue2546.p4
Typecheck success

>>> Running typecheck test on ../../../testdata/p4c/program/well-typed-excluded/spec-clarify/directionless-implicit-cast/bfd_offload.p4
Error on typecheck: File ../../../testdata/p4c/program/well-typed-excluded/spec-clarify/directionless-implicit-cast/bfd_offload.p4, from line 29 character 0 to line 42 character 2
(check_eq_typ_alpha) Types int and bit<16> are not equal

>>> Running typecheck test on ../../../testdata/p4c/program/well-typed-excluded/spec-clarify/directionless-implicit-cast/calc-ebpf.p4
Error on typecheck: File ../../../testdata/p4c/program/well-typed-excluded/spec-clarify/directionless-implicit-cast/calc-ebpf.p4, line 148, characters 18-31
(check_eq_typ_alpha) Types int and bit<32> are not equal

>>> Running typecheck test on ../../../testdata/p4c/program/well-typed-excluded/spec-clarify/directionless-implicit-cast/constructor_cast.p4
Error on typecheck: File ../../../testdata/p4c/program/well-typed-excluded/spec-clarify/directionless-implicit-cast/constructor_cast.p4, line 22, characters 4-12
(check_eq_typ_alpha) Types int and bit<32> are not equal

>>> Running typecheck test on ../../../testdata/p4c/program/well-typed-excluded/spec-clarify/directionless-implicit-cast/dash/dash-pipeline-pna-dpdk.p4
Typecheck success

>>> Running typecheck test on ../../../testdata/p4c/program/well-typed-excluded/spec-clarify/directionless-implicit-cast/dash/dash-pipeline-v1model-bmv2.p4
Error on typecheck: File ../../../testdata/p4c/program/well-typed-excluded/spec-clarify/directionless-implicit-cast/dash/dash-pipeline-v1model-bmv2.p4, line 859, characters 65-142
(check_eq_typ_alpha) Types int and bit<32> are not equal

>>> Running typecheck test on ../../../testdata/p4c/program/well-typed-excluded/spec-clarify/directionless-implicit-cast/extern-funcs-bmv2.p4
Error on typecheck: File ../../../testdata/p4c/program/well-typed-excluded/spec-clarify/directionless-implicit-cast/extern-funcs-bmv2.p4, line 29, characters 8-31
(check_eq_typ_alpha) Types int and bit<32> are not equal

>>> Running typecheck test on ../../../testdata/p4c/program/well-typed-excluded/spec-clarify/directionless-implicit-cast/extern2.p4
Error on typecheck: File ../../../testdata/p4c/program/well-typed-excluded/spec-clarify/directionless-implicit-cast/extern2.p4, line 25, characters 8-25
(check_eq_typ_alpha) Types int and bit<16> are not equal

>>> Running typecheck test on ../../../testdata/p4c/program/well-typed-excluded/spec-clarify/directionless-implicit-cast/gauntlet_extern_arguments_2.p4
Error on typecheck: File ../../../testdata/p4c/program/well-typed-excluded/spec-clarify/directionless-implicit-cast/gauntlet_extern_arguments_2.p4, line 28, characters 29-75
(check_eq_typ_alpha) Types seq<int, int, bit<16>> and (header ethernet_t {
    dst_addr bit<48>;
    src_addr bit<48>;
    eth_type bit<16>
  })<> are not equal

>>> Running typecheck test on ../../../testdata/p4c/program/well-typed-excluded/spec-clarify/directionless-implicit-cast/gauntlet_hdr_in_value-bmv2.p4
Error on typecheck: File ../../../testdata/p4c/program/well-typed-excluded/spec-clarify/directionless-implicit-cast/gauntlet_hdr_in_value-bmv2.p4, line 33, characters 29-73
(check_eq_typ_alpha) Types seq<seq<bit<48>, bit<48>, bit<16>>> and (struct Headers {
    eth_hdr (header ethernet_t {
        dst_addr bit<48>;
        src_addr bit<48>;
        eth_type bit<16>
      })<>
  })<> are not equal

>>> Running typecheck test on ../../../testdata/p4c/program/well-typed-excluded/spec-clarify/directionless-implicit-cast/hit_ebpf.p4
Error on typecheck: File ../../../testdata/p4c/program/well-typed-excluded/spec-clarify/directionless-implicit-cast/hit_ebpf.p4, line 55, characters 25-41
(check_eq_typ_alpha) Types int and bit<32> are not equal

>>> Running typecheck test on ../../../testdata/p4c/program/well-typed-excluded/spec-clarify/directionless-implicit-cast/init_ebpf.p4
Error on typecheck: File ../../../testdata/p4c/program/well-typed-excluded/spec-clarify/directionless-implicit-cast/init_ebpf.p4, line 54, characters 25-39
(check_eq_typ_alpha) Types int and bit<32> are not equal

>>> Running typecheck test on ../../../testdata/p4c/program/well-typed-excluded/spec-clarify/directionless-implicit-cast/issue1001-1-bmv2.p4
Error on typecheck: File ../../../testdata/p4c/program/well-typed-excluded/spec-clarify/directionless-implicit-cast/issue1001-1-bmv2.p4, line 24, characters 8-84
(check_eq_typ_alpha) Types enum<bit<8>> PreservedFieldList { Field = 8w1 } and bit<8> are not equal

>>> Running typecheck test on ../../../testdata/p4c/program/well-typed-excluded/spec-clarify/directionless-implicit-cast/issue1001-bmv2.p4
Error on typecheck: File ../../../testdata/p4c/program/well-typed-excluded/spec-clarify/directionless-implicit-cast/issue1001-bmv2.p4, line 20, characters 8-61
(check_eq_typ_alpha) Types int and bit<8> are not equal

>>> Running typecheck test on ../../../testdata/p4c/program/well-typed-excluded/spec-clarify/directionless-implicit-cast/issue1006.p4
Error on typecheck: File ../../../testdata/p4c/program/well-typed-excluded/spec-clarify/directionless-implicit-cast/issue1006.p4, line 14, characters 4-33
(check_eq_typ_alpha) Types seq<int> and (tuple<T0><T0>)<bit<8>> are not equal

>>> Running typecheck test on ../../../testdata/p4c/program/well-typed-excluded/spec-clarify/directionless-implicit-cast/issue1043-bmv2.p4
Error on typecheck: File ../../../testdata/p4c/program/well-typed-excluded/spec-clarify/directionless-implicit-cast/issue1043-bmv2.p4, line 33, characters 8-42
(check_eq_typ_alpha) Types int and bit<8> are not equal

>>> Running typecheck test on ../../../testdata/p4c/program/well-typed-excluded/spec-clarify/directionless-implicit-cast/issue1097-2-bmv2.p4
Error on typecheck: File ../../../testdata/p4c/program/well-typed-excluded/spec-clarify/directionless-implicit-cast/issue1097-2-bmv2.p4, line 43, characters 0-24
(check_eq_typ_alpha) Types int and bit<32> are not equal

>>> Running typecheck test on ../../../testdata/p4c/program/well-typed-excluded/spec-clarify/directionless-implicit-cast/issue1097-bmv2.p4
Error on typecheck: File ../../../testdata/p4c/program/well-typed-excluded/spec-clarify/directionless-implicit-cast/issue1097-bmv2.p4, line 14, characters 0-22
(check_eq_typ_alpha) Types int and bit<32> are not equal

>>> Running typecheck test on ../../../testdata/p4c/program/well-typed-excluded/spec-clarify/directionless-implicit-cast/issue1334.p4
Error on typecheck: File ../../../testdata/p4c/program/well-typed-excluded/spec-clarify/directionless-implicit-cast/issue1334.p4, line 28, characters 4-19
(check_eq_typ_alpha) Types int and bit<32> are not equal

>>> Running typecheck test on ../../../testdata/p4c/program/well-typed-excluded/spec-clarify/directionless-implicit-cast/issue1642-bmv2.p4
Error on typecheck: File ../../../testdata/p4c/program/well-typed-excluded/spec-clarify/directionless-implicit-cast/issue1642-bmv2.p4, line 42, characters 8-57
(check_eq_typ_alpha) Types int and bit<8> are not equal

>>> Running typecheck test on ../../../testdata/p4c/program/well-typed-excluded/spec-clarify/directionless-implicit-cast/issue1653-bmv2.p4
Error on typecheck: File ../../../testdata/p4c/program/well-typed-excluded/spec-clarify/directionless-implicit-cast/issue1653-bmv2.p4, line 48, characters 8-57
(check_eq_typ_alpha) Types int and bit<8> are not equal

>>> Running typecheck test on ../../../testdata/p4c/program/well-typed-excluded/spec-clarify/directionless-implicit-cast/issue1653-complex-bmv2.p4
Error on typecheck: File ../../../testdata/p4c/program/well-typed-excluded/spec-clarify/directionless-implicit-cast/issue1653-complex-bmv2.p4, line 99, characters 8-57
(check_eq_typ_alpha) Types int and bit<8> are not equal

>>> Running typecheck test on ../../../testdata/p4c/program/well-typed-excluded/spec-clarify/directionless-implicit-cast/issue1660-bmv2.p4
Error on typecheck: File ../../../testdata/p4c/program/well-typed-excluded/spec-clarify/directionless-implicit-cast/issue1660-bmv2.p4, line 23, characters 8-57
(check_eq_typ_alpha) Types int and bit<8> are not equal

>>> Running typecheck test on ../../../testdata/p4c/program/well-typed-excluded/spec-clarify/directionless-implicit-cast/issue1765-1-bmv2.p4
Error on typecheck: File ../../../testdata/p4c/program/well-typed-excluded/spec-clarify/directionless-implicit-cast/issue1765-1-bmv2.p4, line 211, characters 8-59
(check_eq_typ_alpha) Types int and bit<8> are not equal

>>> Running typecheck test on ../../../testdata/p4c/program/well-typed-excluded/spec-clarify/directionless-implicit-cast/issue1814-1-bmv2.p4
Error on typecheck: File ../../../testdata/p4c/program/well-typed-excluded/spec-clarify/directionless-implicit-cast/issue1814-1-bmv2.p4, line 20, characters 4-37
(check_eq_typ_alpha) Types int and bit<32> are not equal

>>> Running typecheck test on ../../../testdata/p4c/program/well-typed-excluded/spec-clarify/directionless-implicit-cast/issue1814-bmv2.p4
Error on typecheck: File ../../../testdata/p4c/program/well-typed-excluded/spec-clarify/directionless-implicit-cast/issue1814-bmv2.p4, line 20, characters 4-37
(check_eq_typ_alpha) Types int and bit<32> are not equal

>>> Running typecheck test on ../../../testdata/p4c/program/well-typed-excluded/spec-clarify/directionless-implicit-cast/issue1958.p4
Error on typecheck: File ../../../testdata/p4c/program/well-typed-excluded/spec-clarify/directionless-implicit-cast/issue1958.p4, line 96, characters 4-31
(check_eq_typ_alpha) Types int and bit<32> are not equal

>>> Running typecheck test on ../../../testdata/p4c/program/well-typed-excluded/spec-clarify/directionless-implicit-cast/issue2648.p4
Error on typecheck: File ../../../testdata/p4c/program/well-typed-excluded/spec-clarify/directionless-implicit-cast/issue2648.p4, line 36, characters 12-29
(check_eq_typ_alpha) Types seq<bit<8>> and (header H {
    a bit<8>
  })<> are not equal

>>> Running typecheck test on ../../../testdata/p4c/program/well-typed-excluded/spec-clarify/directionless-implicit-cast/issue2791_ebpf.p4
Error on typecheck: File ../../../testdata/p4c/program/well-typed-excluded/spec-clarify/directionless-implicit-cast/issue2791_ebpf.p4, line 45, characters 25-39
(check_eq_typ_alpha) Types int and bit<32> are not equal

>>> Running typecheck test on ../../../testdata/p4c/program/well-typed-excluded/spec-clarify/directionless-implicit-cast/issue2793_ebpf.p4
Error on typecheck: File ../../../testdata/p4c/program/well-typed-excluded/spec-clarify/directionless-implicit-cast/issue2793_ebpf.p4, line 63, characters 25-41
(check_eq_typ_alpha) Types int and bit<32> are not equal

>>> Running typecheck test on ../../../testdata/p4c/program/well-typed-excluded/spec-clarify/directionless-implicit-cast/issue2816-1_ebpf.p4
Error on typecheck: File ../../../testdata/p4c/program/well-typed-excluded/spec-clarify/directionless-implicit-cast/issue2816-1_ebpf.p4, line 72, characters 25-41
(check_eq_typ_alpha) Types int and bit<32> are not equal

>>> Running typecheck test on ../../../testdata/p4c/program/well-typed-excluded/spec-clarify/directionless-implicit-cast/issue2816_ebpf.p4
Error on typecheck: File ../../../testdata/p4c/program/well-typed-excluded/spec-clarify/directionless-implicit-cast/issue2816_ebpf.p4, line 45, characters 25-39
(check_eq_typ_alpha) Types int and bit<32> are not equal

>>> Running typecheck test on ../../../testdata/p4c/program/well-typed-excluded/spec-clarify/directionless-implicit-cast/issue2844-enum.p4
Error on typecheck: File ../../../testdata/p4c/program/well-typed-excluded/spec-clarify/directionless-implicit-cast/issue2844-enum.p4, line 46, characters 4-59
(check_eq_typ_alpha) Types enum<bit<32>> sizes { COUNTER_SIZE = 32w1024 } and bit<32> are not equal

>>> Running typecheck test on ../../../testdata/p4c/program/well-typed-excluded/spec-clarify/directionless-implicit-cast/issue298-bmv2.p4
Error on typecheck: File ../../../testdata/p4c/program/well-typed-excluded/spec-clarify/directionless-implicit-cast/issue298-bmv2.p4, line 169, characters 4-43
(check_eq_typ_alpha) Types int and bit<32> are not equal

>>> Running typecheck test on ../../../testdata/p4c/program/well-typed-excluded/spec-clarify/directionless-implicit-cast/issue3246-1.p4
Error on typecheck: File ../../../testdata/p4c/program/well-typed-excluded/spec-clarify/directionless-implicit-cast/issue3246-1.p4, line 11, characters 17-44
(check_call_arity) function builtin_method() -> int expects 0 arguments but 1 were given


>>> Running typecheck test on ../../../testdata/p4c/program/well-typed-excluded/spec-clarify/directionless-implicit-cast/issue383-bmv2.p4
Error on typecheck: File ../../../testdata/p4c/program/well-typed-excluded/spec-clarify/directionless-implicit-cast/issue383-bmv2.p4, line 109, characters 8-57
(check_eq_typ_alpha) Types int and bit<8> are not equal

>>> Running typecheck test on ../../../testdata/p4c/program/well-typed-excluded/spec-clarify/directionless-implicit-cast/issue4288.p4
Error on typecheck: File ../../../testdata/p4c/program/well-typed-excluded/spec-clarify/directionless-implicit-cast/issue4288.p4, line 16, characters 11-26
(check_eq_typ_alpha) Types seq<int> and (header hdr_t {
    f0 bit<8>
  })<> are not equal

>>> Running typecheck test on ../../../testdata/p4c/program/well-typed-excluded/spec-clarify/directionless-implicit-cast/issue562-bmv2.p4
Error on typecheck: File ../../../testdata/p4c/program/well-typed-excluded/spec-clarify/directionless-implicit-cast/issue562-bmv2.p4, line 35, characters 8-57
(check_eq_typ_alpha) Types int and bit<8> are not equal

>>> Running typecheck test on ../../../testdata/p4c/program/well-typed-excluded/spec-clarify/directionless-implicit-cast/issue754.p4
Error on typecheck: File ../../../testdata/p4c/program/well-typed-excluded/spec-clarify/directionless-implicit-cast/issue754.p4, line 6, characters 4-12
(check_eq_typ_alpha) Types int and bit<3> are not equal

>>> Running typecheck test on ../../../testdata/p4c/program/well-typed-excluded/spec-clarify/directionless-implicit-cast/issue870_ebpf.p4
Error on typecheck: File ../../../testdata/p4c/program/well-typed-excluded/spec-clarify/directionless-implicit-cast/issue870_ebpf.p4, line 63, characters 25-41
(check_eq_typ_alpha) Types int and bit<32> are not equal

>>> Running typecheck test on ../../../testdata/p4c/program/well-typed-excluded/spec-clarify/directionless-implicit-cast/issue871.p4
Error on typecheck: File ../../../testdata/p4c/program/well-typed-excluded/spec-clarify/directionless-implicit-cast/issue871.p4, line 9, characters 4-27
(check_eq_typ_alpha) Types int and bit<32> are not equal

>>> Running typecheck test on ../../../testdata/p4c/program/well-typed-excluded/spec-clarify/directionless-implicit-cast/issue933-1.p4
Error on typecheck: File ../../../testdata/p4c/program/well-typed-excluded/spec-clarify/directionless-implicit-cast/issue933-1.p4, line 13, characters 8-17
(check_eq_typ_alpha) Types seq<int> and (struct headers {
    x bit<32>
  })<> are not equal

>>> Running typecheck test on ../../../testdata/p4c/program/well-typed-excluded/spec-clarify/directionless-implicit-cast/key-issue-1020_ebpf.p4
Error on typecheck: File ../../../testdata/p4c/program/well-typed-excluded/spec-clarify/directionless-implicit-cast/key-issue-1020_ebpf.p4, line 45, characters 25-39
(check_eq_typ_alpha) Types int and bit<32> are not equal

>>> Running typecheck test on ../../../testdata/p4c/program/well-typed-excluded/spec-clarify/directionless-implicit-cast/key_ebpf.p4
Error on typecheck: File ../../../testdata/p4c/program/well-typed-excluded/spec-clarify/directionless-implicit-cast/key_ebpf.p4, line 45, characters 25-39
(check_eq_typ_alpha) Types int and bit<32> are not equal

>>> Running typecheck test on ../../../testdata/p4c/program/well-typed-excluded/spec-clarify/directionless-implicit-cast/list7.p4
Error on typecheck: File ../../../testdata/p4c/program/well-typed-excluded/spec-clarify/directionless-implicit-cast/list7.p4, line 11, characters 4-22
(check_eq_typ_alpha) Types record {
  f int
} and (struct S {
    f bit<32>
  })<> are not equal

>>> Running typecheck test on ../../../testdata/p4c/program/well-typed-excluded/spec-clarify/directionless-implicit-cast/lpm_ebpf.p4
Error on typecheck: File ../../../testdata/p4c/program/well-typed-excluded/spec-clarify/directionless-implicit-cast/lpm_ebpf.p4, line 63, characters 25-41
(check_eq_typ_alpha) Types int and bit<32> are not equal

>>> Running typecheck test on ../../../testdata/p4c/program/well-typed-excluded/spec-clarify/directionless-implicit-cast/named-arg1.p4
Error on typecheck: File ../../../testdata/p4c/program/well-typed-excluded/spec-clarify/directionless-implicit-cast/named-arg1.p4, line 11, characters 4-37
(check_eq_typ_alpha) Types int and bit<32> are not equal

>>> Running typecheck test on ../../../testdata/p4c/program/well-typed-excluded/spec-clarify/directionless-implicit-cast/omec/up4.p4
Error on typecheck: File ../../../testdata/p4c/program/well-typed-excluded/spec-clarify/directionless-implicit-cast/omec/up4.p4, line 370, characters 8-58
(check_eq_typ_alpha) Types int and bit<8> are not equal

>>> Running typecheck test on ../../../testdata/p4c/program/well-typed-excluded/spec-clarify/directionless-implicit-cast/pr1363.p4
Error on typecheck: File ../../../testdata/p4c/program/well-typed-excluded/spec-clarify/directionless-implicit-cast/pr1363.p4, line 12, characters 21-38
(check_eq_typ_alpha) Types int and bit<32> are not equal

>>> Running typecheck test on ../../../testdata/p4c/program/well-typed-excluded/spec-clarify/directionless-implicit-cast/psa-action-profile1.p4
Error on typecheck: File ../../../testdata/p4c/program/well-typed-excluded/spec-clarify/directionless-implicit-cast/psa-action-profile1.p4, line 51, characters 4-27
(check_eq_typ_alpha) Types int and bit<32> are not equal

>>> Running typecheck test on ../../../testdata/p4c/program/well-typed-excluded/spec-clarify/directionless-implicit-cast/psa-action-profile3.p4
Error on typecheck: File ../../../testdata/p4c/program/well-typed-excluded/spec-clarify/directionless-implicit-cast/psa-action-profile3.p4, line 51, characters 4-27
(check_eq_typ_alpha) Types int and bit<32> are not equal

>>> Running typecheck test on ../../../testdata/p4c/program/well-typed-excluded/spec-clarify/directionless-implicit-cast/psa-action-profile4.p4
Error on typecheck: File ../../../testdata/p4c/program/well-typed-excluded/spec-clarify/directionless-implicit-cast/psa-action-profile4.p4, line 51, characters 4-27
(check_eq_typ_alpha) Types int and bit<32> are not equal

>>> Running typecheck test on ../../../testdata/p4c/program/well-typed-excluded/spec-clarify/directionless-implicit-cast/psa-basic-counter-bmv2.p4
Error on typecheck: File ../../../testdata/p4c/program/well-typed-excluded/spec-clarify/directionless-implicit-cast/psa-basic-counter-bmv2.p4, line 57, characters 4-70
(check_eq_typ_alpha) Types int and bit<32> are not equal

>>> Running typecheck test on ../../../testdata/p4c/program/well-typed-excluded/spec-clarify/directionless-implicit-cast/psa-counter1.p4
Error on typecheck: File ../../../testdata/p4c/program/well-typed-excluded/spec-clarify/directionless-implicit-cast/psa-counter1.p4, line 53, characters 4-70
(check_eq_typ_alpha) Types int and bit<32> are not equal

>>> Running typecheck test on ../../../testdata/p4c/program/well-typed-excluded/spec-clarify/directionless-implicit-cast/psa-counter2.p4
Error on typecheck: File ../../../testdata/p4c/program/well-typed-excluded/spec-clarify/directionless-implicit-cast/psa-counter2.p4, line 51, characters 4-71
(check_eq_typ_alpha) Types int and bit<32> are not equal

>>> Running typecheck test on ../../../testdata/p4c/program/well-typed-excluded/spec-clarify/directionless-implicit-cast/psa-counter3.p4
Error on typecheck: File ../../../testdata/p4c/program/well-typed-excluded/spec-clarify/directionless-implicit-cast/psa-counter3.p4, line 51, characters 4-71
(check_eq_typ_alpha) Types int and bit<32> are not equal

>>> Running typecheck test on ../../../testdata/p4c/program/well-typed-excluded/spec-clarify/directionless-implicit-cast/psa-custom-type-counter-index.p4
Error on typecheck: File ../../../testdata/p4c/program/well-typed-excluded/spec-clarify/directionless-implicit-cast/psa-custom-type-counter-index.p4, line 55, characters 4-77
(check_eq_typ_alpha) Types int and bit<32> are not equal

>>> Running typecheck test on ../../../testdata/p4c/program/well-typed-excluded/spec-clarify/directionless-implicit-cast/psa-end-of-ingress-test-bmv2.p4
Error on typecheck: File ../../../testdata/p4c/program/well-typed-excluded/spec-clarify/directionless-implicit-cast/psa-end-of-ingress-test-bmv2.p4, line 131, characters 4-51
(check_eq_typ_alpha) Types int and bit<32> are not equal

>>> Running typecheck test on ../../../testdata/p4c/program/well-typed-excluded/spec-clarify/directionless-implicit-cast/psa-example-dpdk-byte-alignment_1.p4
Error on typecheck: File ../../../testdata/p4c/program/well-typed-excluded/spec-clarify/directionless-implicit-cast/psa-example-dpdk-byte-alignment_1.p4, line 64, characters 4-82
(check_eq_typ_alpha) Types int and bit<32> are not equal

>>> Running typecheck test on ../../../testdata/p4c/program/well-typed-excluded/spec-clarify/directionless-implicit-cast/psa-example-dpdk-byte-alignment_2.p4
Error on typecheck: File ../../../testdata/p4c/program/well-typed-excluded/spec-clarify/directionless-implicit-cast/psa-example-dpdk-byte-alignment_2.p4, line 63, characters 4-82
(check_eq_typ_alpha) Types int and bit<32> are not equal

>>> Running typecheck test on ../../../testdata/p4c/program/well-typed-excluded/spec-clarify/directionless-implicit-cast/psa-example-dpdk-byte-alignment_3.p4
Error on typecheck: File ../../../testdata/p4c/program/well-typed-excluded/spec-clarify/directionless-implicit-cast/psa-example-dpdk-byte-alignment_3.p4, line 63, characters 4-82
(check_eq_typ_alpha) Types int and bit<32> are not equal

>>> Running typecheck test on ../../../testdata/p4c/program/well-typed-excluded/spec-clarify/directionless-implicit-cast/psa-example-dpdk-byte-alignment_5.p4
Error on typecheck: File ../../../testdata/p4c/program/well-typed-excluded/spec-clarify/directionless-implicit-cast/psa-example-dpdk-byte-alignment_5.p4, line 64, characters 4-82
(check_eq_typ_alpha) Types int and bit<32> are not equal

>>> Running typecheck test on ../../../testdata/p4c/program/well-typed-excluded/spec-clarify/directionless-implicit-cast/psa-example-dpdk-byte-alignment_6.p4
Error on typecheck: File ../../../testdata/p4c/program/well-typed-excluded/spec-clarify/directionless-implicit-cast/psa-example-dpdk-byte-alignment_6.p4, line 71, characters 4-82
(check_eq_typ_alpha) Types int and bit<32> are not equal

>>> Running typecheck test on ../../../testdata/p4c/program/well-typed-excluded/spec-clarify/directionless-implicit-cast/psa-example-dpdk-byte-alignment_7.p4
Error on typecheck: File ../../../testdata/p4c/program/well-typed-excluded/spec-clarify/directionless-implicit-cast/psa-example-dpdk-byte-alignment_7.p4, line 77, characters 4-82
(check_eq_typ_alpha) Types int and bit<32> are not equal

>>> Running typecheck test on ../../../testdata/p4c/program/well-typed-excluded/spec-clarify/directionless-implicit-cast/psa-example-dpdk-byte-alignment_8.p4
Error on typecheck: File ../../../testdata/p4c/program/well-typed-excluded/spec-clarify/directionless-implicit-cast/psa-example-dpdk-byte-alignment_8.p4, line 77, characters 4-82
(check_eq_typ_alpha) Types int and bit<32> are not equal

>>> Running typecheck test on ../../../testdata/p4c/program/well-typed-excluded/spec-clarify/directionless-implicit-cast/psa-example-dpdk-byte-alignment_9.p4
Error on typecheck: File ../../../testdata/p4c/program/well-typed-excluded/spec-clarify/directionless-implicit-cast/psa-example-dpdk-byte-alignment_9.p4, line 63, characters 4-82
(check_eq_typ_alpha) Types int and bit<32> are not equal

>>> Running typecheck test on ../../../testdata/p4c/program/well-typed-excluded/spec-clarify/directionless-implicit-cast/psa-example-dpdk-counter.p4
Error on typecheck: File ../../../testdata/p4c/program/well-typed-excluded/spec-clarify/directionless-implicit-cast/psa-example-dpdk-counter.p4, line 32, characters 4-82
(check_eq_typ_alpha) Types int and bit<32> are not equal

>>> Running typecheck test on ../../../testdata/p4c/program/well-typed-excluded/spec-clarify/directionless-implicit-cast/psa-example-dpdk-externs.p4
Error on typecheck: File ../../../testdata/p4c/program/well-typed-excluded/spec-clarify/directionless-implicit-cast/psa-example-dpdk-externs.p4, line 54, characters 4-82
(check_eq_typ_alpha) Types int and bit<32> are not equal

>>> Running typecheck test on ../../../testdata/p4c/program/well-typed-excluded/spec-clarify/directionless-implicit-cast/psa-example-dpdk-meter-execute-err.p4
Error on typecheck: File ../../../testdata/p4c/program/well-typed-excluded/spec-clarify/directionless-implicit-cast/psa-example-dpdk-meter-execute-err.p4, line 64, characters 4-82
(check_eq_typ_alpha) Types int and bit<32> are not equal

>>> Running typecheck test on ../../../testdata/p4c/program/well-typed-excluded/spec-clarify/directionless-implicit-cast/psa-example-dpdk-meter.p4
Error on typecheck: File ../../../testdata/p4c/program/well-typed-excluded/spec-clarify/directionless-implicit-cast/psa-example-dpdk-meter.p4, line 54, characters 4-55
(check_eq_typ_alpha) Types int and bit<32> are not equal

>>> Running typecheck test on ../../../testdata/p4c/program/well-typed-excluded/spec-clarify/directionless-implicit-cast/psa-example-dpdk-meter1.p4
Error on typecheck: File ../../../testdata/p4c/program/well-typed-excluded/spec-clarify/directionless-implicit-cast/psa-example-dpdk-meter1.p4, line 54, characters 4-57
(check_eq_typ_alpha) Types int and bit<32> are not equal

>>> Running typecheck test on ../../../testdata/p4c/program/well-typed-excluded/spec-clarify/directionless-implicit-cast/psa-example-dpdk-varbit-bmv2.p4
Error on typecheck: File ../../../testdata/p4c/program/well-typed-excluded/spec-clarify/directionless-implicit-cast/psa-example-dpdk-varbit-bmv2.p4, line 94, characters 4-27
(check_eq_typ_alpha) Types int and bit<32> are not equal

>>> Running typecheck test on ../../../testdata/p4c/program/well-typed-excluded/spec-clarify/directionless-implicit-cast/psa-meter1.p4
Error on typecheck: File ../../../testdata/p4c/program/well-typed-excluded/spec-clarify/directionless-implicit-cast/psa-meter1.p4, line 51, characters 4-57
(check_eq_typ_alpha) Types int and bit<32> are not equal

>>> Running typecheck test on ../../../testdata/p4c/program/well-typed-excluded/spec-clarify/directionless-implicit-cast/psa-meter3.p4
Error on typecheck: File ../../../testdata/p4c/program/well-typed-excluded/spec-clarify/directionless-implicit-cast/psa-meter3.p4, line 51, characters 4-57
(check_eq_typ_alpha) Types int and bit<32> are not equal

>>> Running typecheck test on ../../../testdata/p4c/program/well-typed-excluded/spec-clarify/directionless-implicit-cast/psa-meter7-bmv2.p4
Error on typecheck: File ../../../testdata/p4c/program/well-typed-excluded/spec-clarify/directionless-implicit-cast/psa-meter7-bmv2.p4, line 57, characters 4-57
(check_eq_typ_alpha) Types int and bit<32> are not equal

>>> Running typecheck test on ../../../testdata/p4c/program/well-typed-excluded/spec-clarify/directionless-implicit-cast/psa-random.p4
Error on typecheck: File ../../../testdata/p4c/program/well-typed-excluded/spec-clarify/directionless-implicit-cast/psa-random.p4, line 54, characters 4-35
(check_eq_typ_alpha) Types int and bit<16> are not equal

>>> Running typecheck test on ../../../testdata/p4c/program/well-typed-excluded/spec-clarify/directionless-implicit-cast/psa-register-complex-bmv2.p4
Error on typecheck: File ../../../testdata/p4c/program/well-typed-excluded/spec-clarify/directionless-implicit-cast/psa-register-complex-bmv2.p4, line 57, characters 4-52
(check_eq_typ_alpha) Types int and bit<32> are not equal

>>> Running typecheck test on ../../../testdata/p4c/program/well-typed-excluded/spec-clarify/directionless-implicit-cast/psa-register-read-write-2-bmv2.p4
Error on typecheck: File ../../../testdata/p4c/program/well-typed-excluded/spec-clarify/directionless-implicit-cast/psa-register-read-write-2-bmv2.p4, line 64, characters 4-37
(check_eq_typ_alpha) Types int and bit<32> are not equal

>>> Running typecheck test on ../../../testdata/p4c/program/well-typed-excluded/spec-clarify/directionless-implicit-cast/psa-register-read-write-bmv2.p4
Error on typecheck: File ../../../testdata/p4c/program/well-typed-excluded/spec-clarify/directionless-implicit-cast/psa-register-read-write-bmv2.p4, line 58, characters 4-52
(check_eq_typ_alpha) Types int and bit<32> are not equal

>>> Running typecheck test on ../../../testdata/p4c/program/well-typed-excluded/spec-clarify/directionless-implicit-cast/psa-register1.p4
Error on typecheck: File ../../../testdata/p4c/program/well-typed-excluded/spec-clarify/directionless-implicit-cast/psa-register1.p4, line 51, characters 4-41
(check_eq_typ_alpha) Types int and bit<32> are not equal

>>> Running typecheck test on ../../../testdata/p4c/program/well-typed-excluded/spec-clarify/directionless-implicit-cast/psa-register2.p4
Error on typecheck: File ../../../testdata/p4c/program/well-typed-excluded/spec-clarify/directionless-implicit-cast/psa-register2.p4, line 54, characters 4-41
(check_eq_typ_alpha) Types int and bit<32> are not equal

>>> Running typecheck test on ../../../testdata/p4c/program/well-typed-excluded/spec-clarify/directionless-implicit-cast/psa-register3.p4
Error on typecheck: File ../../../testdata/p4c/program/well-typed-excluded/spec-clarify/directionless-implicit-cast/psa-register3.p4, line 54, characters 4-40
(check_eq_typ_alpha) Types int and bit<32> are not equal

>>> Running typecheck test on ../../../testdata/p4c/program/well-typed-excluded/spec-clarify/directionless-implicit-cast/rcp.p4
Error on typecheck: File ../../../testdata/p4c/program/well-typed-excluded/spec-clarify/directionless-implicit-cast/rcp.p4, line 43, characters 4-45
(check_eq_typ_alpha) Types int and bit<32> are not equal

>>> Running typecheck test on ../../../testdata/p4c/program/well-typed-excluded/spec-clarify/directionless-implicit-cast/rcp1.p4
Error on typecheck: File ../../../testdata/p4c/program/well-typed-excluded/spec-clarify/directionless-implicit-cast/rcp1.p4, line 56, characters 4-50
(check_eq_typ_alpha) Types int and bit<32> are not equal

>>> Running typecheck test on ../../../testdata/p4c/program/well-typed-excluded/spec-clarify/directionless-implicit-cast/register-serenum-bmv2.p4
Error on typecheck: File ../../../testdata/p4c/program/well-typed-excluded/spec-clarify/directionless-implicit-cast/register-serenum-bmv2.p4, line 41, characters 4-30
(check_eq_typ_alpha) Types int and bit<32> are not equal

>>> Running typecheck test on ../../../testdata/p4c/program/well-typed-excluded/spec-clarify/directionless-implicit-cast/simple-firewall_ubpf.p4
Error on typecheck: File ../../../testdata/p4c/program/well-typed-excluded/spec-clarify/directionless-implicit-cast/simple-firewall_ubpf.p4, line 106, characters 4-49
(check_eq_typ_alpha) Types int and bit<32> are not equal

>>> Running typecheck test on ../../../testdata/p4c/program/well-typed-excluded/spec-clarify/directionless-implicit-cast/stack_ebpf.p4
Error on typecheck: File ../../../testdata/p4c/program/well-typed-excluded/spec-clarify/directionless-implicit-cast/stack_ebpf.p4, line 64, characters 25-41
(check_eq_typ_alpha) Types int and bit<32> are not equal

>>> Running typecheck test on ../../../testdata/p4c/program/well-typed-excluded/spec-clarify/directionless-implicit-cast/switch_ebpf.p4
Error on typecheck: File ../../../testdata/p4c/program/well-typed-excluded/spec-clarify/directionless-implicit-cast/switch_ebpf.p4, line 63, characters 25-41
(check_eq_typ_alpha) Types int and bit<32> are not equal

>>> Running typecheck test on ../../../testdata/p4c/program/well-typed-excluded/spec-clarify/directionless-implicit-cast/ternary_ebpf.p4
Error on typecheck: File ../../../testdata/p4c/program/well-typed-excluded/spec-clarify/directionless-implicit-cast/ternary_ebpf.p4, line 59, characters 25-41
(check_eq_typ_alpha) Types int and bit<32> are not equal

>>> Running typecheck test on ../../../testdata/p4c/program/well-typed-excluded/spec-clarify/directionless-implicit-cast/test_ebpf.p4
Error on typecheck: File ../../../testdata/p4c/program/well-typed-excluded/spec-clarify/directionless-implicit-cast/test_ebpf.p4, line 63, characters 25-41
(check_eq_typ_alpha) Types int and bit<32> are not equal

>>> Running typecheck test on ../../../testdata/p4c/program/well-typed-excluded/spec-clarify/directionless-implicit-cast/two_ebpf.p4
Error on typecheck: File ../../../testdata/p4c/program/well-typed-excluded/spec-clarify/directionless-implicit-cast/two_ebpf.p4, line 54, characters 25-41
(check_eq_typ_alpha) Types int and bit<32> are not equal

>>> Running typecheck test on ../../../testdata/p4c/program/well-typed-excluded/spec-clarify/directionless-implicit-cast/v1model-special-ops-bmv2.p4
Error on typecheck: File ../../../testdata/p4c/program/well-typed-excluded/spec-clarify/directionless-implicit-cast/v1model-special-ops-bmv2.p4, line 209, characters 8-42
(check_eq_typ_alpha) Types int and bit<8> are not equal

>>> Running typecheck test on ../../../testdata/p4c/program/well-typed-excluded/spec-clarify/directionless-implicit-cast/valid_ebpf.p4
Error on typecheck: File ../../../testdata/p4c/program/well-typed-excluded/spec-clarify/directionless-implicit-cast/valid_ebpf.p4, line 43, characters 25-39
(check_eq_typ_alpha) Types int and bit<32> are not equal

>>> Running typecheck test on ../../../testdata/p4c/program/well-typed-excluded/spec-clarify/directionless-implicit-cast/value-sets.p4
Error on typecheck: File ../../../testdata/p4c/program/well-typed-excluded/spec-clarify/directionless-implicit-cast/value-sets.p4, line 38, characters 4-30
(check_eq_typ_alpha) Types int and bit<32> are not equal

>>> Running typecheck test on ../../../testdata/p4c/program/well-typed-excluded/spec-clarify/fixed-width-div-and-mod/constant_folding.p4
Error on typecheck: File ../../../testdata/p4c/program/well-typed-excluded/spec-clarify/fixed-width-div-and-mod/constant_folding.p4, line 36, characters 12-20
(reduce_senums_binary) cannot coerce types bit<32> and bit<32>

>>> Running typecheck test on ../../../testdata/p4c/program/well-typed-excluded/spec-clarify/fixed-width-div-and-mod/gauntlet_various_ops-bmv2.p4
Error on typecheck: File ../../../testdata/p4c/program/well-typed-excluded/spec-clarify/fixed-width-div-and-mod/gauntlet_various_ops-bmv2.p4, line 108, characters 18-27
(reduce_senums_binary) cannot coerce types bit<4> and bit<4>

>>> Running typecheck test on ../../../testdata/p4c/program/well-typed-excluded/spec-clarify/fixed-width-div-and-mod/issue1879-bmv2.p4
Error on typecheck: File ../../../testdata/p4c/program/well-typed-excluded/spec-clarify/fixed-width-div-and-mod/issue1879-bmv2.p4, line 140, characters 35-52
(reduce_senums_binary) cannot coerce types bit<9> and bit<9>

>>> Running typecheck test on ../../../testdata/p4c/program/well-typed-excluded/spec-clarify/fixed-width-div-and-mod/issue2190.p4
Error on typecheck: File ../../../testdata/p4c/program/well-typed-excluded/spec-clarify/fixed-width-div-and-mod/issue2190.p4, line 27, characters 16-27
(reduce_senums_binary) cannot coerce types bit<8> and bit<8>

>>> Running typecheck test on ../../../testdata/p4c/program/well-typed-excluded/spec-clarify/fixed-width-div-and-mod/issue2279_4.p4
Error on typecheck: File ../../../testdata/p4c/program/well-typed-excluded/spec-clarify/fixed-width-div-and-mod/issue2279_4.p4, line 19, characters 22-46
(reduce_senums_binary) cannot coerce types bit<16> and bit<16>

>>> Running typecheck test on ../../../testdata/p4c/program/well-typed-excluded/spec-clarify/fixed-width-div-and-mod/issue2287-bmv2.p4
Error on typecheck: File ../../../testdata/p4c/program/well-typed-excluded/spec-clarify/fixed-width-div-and-mod/issue2287-bmv2.p4, line 68, characters 20-58
(reduce_senums_binary) cannot coerce types bit<8> and bit<8>

>>> Running typecheck test on ../../../testdata/p4c/program/well-typed-excluded/spec-clarify/fixed-width-div-and-mod/precedence.p4
Error on typecheck: File ../../../testdata/p4c/program/well-typed-excluded/spec-clarify/fixed-width-div-and-mod/precedence.p4, line 41, characters 12-17
(reduce_senums_binary) cannot coerce types bit<1> and bit<1>

>>> Running typecheck test on ../../../testdata/p4c/program/well-typed-excluded/spec-clarify/fixed-width-div-and-mod/strength.p4
Error on typecheck: File ../../../testdata/p4c/program/well-typed-excluded/spec-clarify/fixed-width-div-and-mod/strength.p4, line 40, characters 12-17
(reduce_senums_binary) cannot coerce types bit<4> and bit<4>

>>> Running typecheck test on ../../../testdata/p4c/program/well-typed-excluded/spec-clarify/generic-constrained/default-package-argument.p4
Error on typecheck: File ../../../testdata/p4c/program/well-typed-excluded/spec-clarify/generic-constrained/default-package-argument.p4, line 17, characters 17-26
(coerce_type) cannot coerce type (control (
    inout hdr (struct empty_t {

        })<>,
    inout meta (struct empty_t {

        })<>,
    in imeta (struct intrinsic_metadata_t {
          f0 bit<8>;
          f1 bit<8>
        })<>))<> to (control (
    inout hdr H,
    inout meta M,
    in intr_md (struct intrinsic_metadata_t {
          f0 bit<8>;
          f1 bit<8>
        })<>)<H, M>)<H, M>

>>> Running typecheck test on ../../../testdata/p4c/program/well-typed-excluded/spec-clarify/matching-control-type-decl-with-default/default-control-argument.p4
Error on typecheck: File ../../../testdata/p4c/program/well-typed-excluded/spec-clarify/matching-control-type-decl-with-default/default-control-argument.p4, line 22, characters 0-14
(gen_cstrs) list lengths do not match: 3 and 2

>>> Running typecheck test on ../../../testdata/p4c/program/well-typed-excluded/spec-clarify/typedef-objects/extern-inst-as-param.p4
Error on typecheck: File ../../../testdata/p4c/program/well-typed-excluded/spec-clarify/typedef-objects/extern-inst-as-param.p4, line 9, characters 0-51
(check_valid_typ_nesting) invalid nesting of (extern MyCounter {
      count(index) : extern_method(in index I) -> void
    }<I>)<typedef bit<10>> inside typedef (extern MyCounter {
        count(index) : extern_method(in index I) -> void
      }<I>)<typedef bit<10>>

>>> Running typecheck test on ../../../testdata/p4c/program/well-typed-excluded/spec-clarify/typedef-objects/issue2735-bmv2.p4
Error on typecheck: File ../../../testdata/p4c/program/well-typed-excluded/spec-clarify/typedef-objects/issue2735-bmv2.p4, line 35, characters 0-38
(check_valid_typ_nesting) invalid nesting of (extern register {
      read(result, index) : extern_method(
          out result T,
          in index bit<32>) -> void
      write(index, value) : extern_method(
          in index bit<32>,
          in value T) -> void
    }<T>)<typedef bit<69>> inside typedef (extern register {
        read(result, index) : extern_method(
            out result T,
            in index bit<32>) -> void
        write(index, value) : extern_method(
            in index bit<32>,
            in value T) -> void
      }<T>)<typedef bit<69>>

>>> Running typecheck test on ../../../testdata/p4c/program/well-typed-excluded/spec-clarify/typedef-objects/issue2735.p4
Error on typecheck: File ../../../testdata/p4c/program/well-typed-excluded/spec-clarify/typedef-objects/issue2735.p4, line 6, characters 0-38
(check_valid_typ_nesting) invalid nesting of (extern register {
      read(result, index) : extern_method(
          out result T,
          in index bit<32>) -> void
      write(index, value) : extern_method(
          in index bit<32>,
          in value T) -> void
    }<T>)<typedef bit<69>> inside typedef (extern register {
        read(result, index) : extern_method(
            out result T,
            in index bit<32>) -> void
        write(index, value) : extern_method(
            in index bit<32>,
            in value T) -> void
      }<T>)<typedef bit<69>>

>>> Running typecheck test on ../../../testdata/p4c/program/well-typed-excluded/spec-clarify/typedef-objects/typedef-constructor.p4
Error on typecheck: File ../../../testdata/p4c/program/well-typed-excluded/spec-clarify/typedef-objects/typedef-constructor.p4, line 7, characters 0-51
(check_valid_typ_nesting) invalid nesting of (extern MyCounter {
      count(index) : extern_method(in index I) -> void
    }<I>)<typedef bit<10>> inside typedef (extern MyCounter {
        count(index) : extern_method(in index I) -> void
      }<I>)<typedef bit<10>>

>>> Running typecheck test on ../../../testdata/p4c/program/well-typed-excluded/test-clarify/abstract-method-scoping/issue2273-1.p4
Error on typecheck: File ../../../testdata/p4c/program/well-typed-excluded/test-clarify/abstract-method-scoping/issue2273-1.p4, line 52, characters 20-23
(type_var_expr) hdr is a free identifier

>>> Running typecheck test on ../../../testdata/p4c/program/well-typed-excluded/test-clarify/abstract-method-scoping/virtual3.p4
Error on typecheck: File ../../../testdata/p4c/program/well-typed-excluded/test-clarify/abstract-method-scoping/virtual3.p4, line 34, characters 25-30
(type_var_expr) local is a free identifier

>>> Running typecheck test on ../../../testdata/p4c/program/well-typed-excluded/test-clarify/access-header-stack-zero/minsize.p4
Error on typecheck: File ../../../testdata/p4c/program/well-typed-excluded/test-clarify/access-header-stack-zero/minsize.p4, line 27, characters 92-96
(type_array_acc_expr) Index 0 out of range for h

>>> Running typecheck test on ../../../testdata/p4c/program/well-typed-excluded/test-clarify/aggregate-to-scalar-implicit-cast/action-two-params.p4
Error on typecheck: File ../../../testdata/p4c/program/well-typed-excluded/test-clarify/aggregate-to-scalar-implicit-cast/action-two-params.p4, line 72, characters 40-90
(type_table_entry_keyset') keyset expression should have type typedef bit<32>, but got seq<bit<32>>

>>> Running typecheck test on ../../../testdata/p4c/program/well-typed-excluded/test-clarify/aggregate-to-scalar-implicit-cast/op_bin.p4
Error on typecheck: File ../../../testdata/p4c/program/well-typed-excluded/test-clarify/aggregate-to-scalar-implicit-cast/op_bin.p4, line 76, characters 133-153
(type_table_entry_keyset') keyset expression should have type bit<128>, but got seq<bit<128>>

>>> Running typecheck test on ../../../testdata/p4c/program/well-typed-excluded/test-clarify/aggregate-to-scalar-implicit-cast/table-entries-no-arg-actions.p4
Error on typecheck: File ../../../testdata/p4c/program/well-typed-excluded/test-clarify/aggregate-to-scalar-implicit-cast/table-entries-no-arg-actions.p4, line 29, characters 18-22
(type_table_entry_keyset') keyset expression should have type bit<2>, but got seq<int>

>>> Running typecheck test on ../../../testdata/p4c/program/well-typed-excluded/test-clarify/control-param-scope/shadow-after-use.p4
Error on typecheck: File ../../../testdata/p4c/program/well-typed-excluded/test-clarify/control-param-scope/shadow-after-use.p4, from line 21 character 4 to line 23 character 5
key already exists: x

>>> Running typecheck test on ../../../testdata/p4c/program/well-typed-excluded/test-clarify/control-param-scope/shadow3.p4
Error on typecheck: File ../../../testdata/p4c/program/well-typed-excluded/test-clarify/control-param-scope/shadow3.p4, line 20, characters 2-15
key already exists: p

>>> Running typecheck test on ../../../testdata/p4c/program/well-typed-excluded/test-clarify/duplicate-match-kind/pipe.p4
Error on typecheck: File ../../../testdata/p4c/program/well-typed-excluded/test-clarify/duplicate-match-kind/pipe.p4, from line 19 character 0 to line 22 character 1
(type_match_kind_decl) match kind ternary was already defined

>>> Running typecheck test on ../../../testdata/p4c/program/well-typed-excluded/test-clarify/fixed-to-arbitrary-implicit-cast/issue2444.p4
Error on typecheck: File ../../../testdata/p4c/program/well-typed-excluded/test-clarify/fixed-to-arbitrary-implicit-cast/issue2444.p4, line 7, characters 0-19
(coerce_type) cannot coerce type bit<2> to int

>>> Running typecheck test on ../../../testdata/p4c/program/well-typed-excluded/test-clarify/fixed-to-arbitrary-implicit-cast/issue3283.p4
Error on typecheck: File ../../../testdata/p4c/program/well-typed-excluded/test-clarify/fixed-to-arbitrary-implicit-cast/issue3283.p4, line 1, characters 14-28
(type_array_acc_expr) { 1w1, 1w1 } cannot be indexed

>>> Running typecheck test on ../../../testdata/p4c/program/well-typed-excluded/test-clarify/mask-on-exact-match/spec-ex25.p4
Error on typecheck: File ../../../testdata/p4c/program/well-typed-excluded/test-clarify/mask-on-exact-match/spec-ex25.p4, line 41, characters 50-59
(type_table_entry_keyset') match_kind exact cannot use mask expression

>>> Running typecheck test on ../../../testdata/p4c/program/well-typed-excluded/test-clarify/newtype-implicit-cast/pins/pins_fabric.p4
Error on typecheck: File ../../../testdata/p4c/program/well-typed-excluded/test-clarify/newtype-implicit-cast/pins/pins_fabric.p4, line 143, characters 0-31
(coerce_type) cannot coerce type int to type vrf_id_t (bit<10>)

>>> Running typecheck test on ../../../testdata/p4c/program/well-typed-excluded/test-clarify/newtype-implicit-cast/pins/pins_middleblock.p4
Error on typecheck: File ../../../testdata/p4c/program/well-typed-excluded/test-clarify/newtype-implicit-cast/pins/pins_middleblock.p4, line 143, characters 0-31
(coerce_type) cannot coerce type int to type vrf_id_t (bit<10>)

>>> Running typecheck test on ../../../testdata/p4c/program/well-typed-excluded/test-clarify/newtype-implicit-cast/pins/pins_wbb.p4
Error on typecheck: File ../../../testdata/p4c/program/well-typed-excluded/test-clarify/newtype-implicit-cast/pins/pins_wbb.p4, line 143, characters 0-31
(coerce_type) cannot coerce type int to type vrf_id_t (bit<10>)

>>> Running typecheck test on ../../../testdata/p4c/program/well-typed-excluded/test-clarify/newtype-implicit-cast/psa-dpdk-binary-operations-1.p4
Error on typecheck: File ../../../testdata/p4c/program/well-typed-excluded/test-clarify/newtype-implicit-cast/psa-dpdk-binary-operations-1.p4, line 64, characters 17-41
(reduce_senums_binary) cannot coerce types bit<32> and type PortId_t (typedef bit<32>)

>>> Running typecheck test on ../../../testdata/p4c/program/well-typed-excluded/test-clarify/newtype-implicit-cast/psa-dpdk-binary-operations.p4
Error on typecheck: File ../../../testdata/p4c/program/well-typed-excluded/test-clarify/newtype-implicit-cast/psa-dpdk-binary-operations.p4, line 64, characters 17-41
(reduce_senums_binary) cannot coerce types bit<32> and type PortId_t (typedef bit<32>)

>>> Running typecheck test on ../../../testdata/p4c/program/well-typed-excluded/test-clarify/newtype-implicit-cast/psa-dpdk-header-union-typedef.p4
Error on typecheck: File ../../../testdata/p4c/program/well-typed-excluded/test-clarify/newtype-implicit-cast/psa-dpdk-header-union-typedef.p4, line 90, characters 17-41
(reduce_senums_binary) cannot coerce types bit<32> and type PortId_t (typedef bit<32>)

>>> Running typecheck test on ../../../testdata/p4c/program/well-typed-excluded/test-clarify/package-overload/issue3379-1.p4
Error on typecheck: File ../../../testdata/p4c/program/well-typed-excluded/test-clarify/package-overload/issue3379-1.p4, line 13, characters 0-45
key already exists: mypackaget

>>> Running typecheck test on ../../../testdata/p4c/program/well-typed-excluded/test-clarify/package-overload/issue3379.p4
Error on typecheck: File ../../../testdata/p4c/program/well-typed-excluded/test-clarify/package-overload/issue3379.p4, line 14, characters 0-42
key already exists: mypackaget

>>> Running typecheck test on ../../../testdata/p4c/program/well-typed-excluded/test-clarify/shadow-func/issue3699.p4
Error on typecheck: File ../../../testdata/p4c/program/well-typed-excluded/test-clarify/shadow-func/issue3699.p4, line 12, characters 0-46
key already exists: f1(a)

>>> Running typecheck test on ../../../testdata/p4c/program/well-typed-excluded/test-clarify/table-action-syntactic-eq/issue2037.p4
Error on typecheck: File ../../../testdata/p4c/program/well-typed-excluded/test-clarify/table-action-syntactic-eq/issue2037.p4, line 5, characters 8-27
(type_table_action_default) there is no action named a in actions list

>>> Running typecheck test on ../../../testdata/p4c/program/well-typed-excluded/test-clarify/table-action-syntactic-eq/issue3671.p4
Error on typecheck: File ../../../testdata/p4c/program/well-typed-excluded/test-clarify/table-action-syntactic-eq/issue3671.p4, line 19, characters 4-51
(type_call_default_action) arguments ({ f0 = ext(), f1 = ext() }) and ({ f1 = ext(), f0 = ext() }) are syntactically different

>>> Running typecheck test on ../../../testdata/p4c/program/well-typed-excluded/test-clarify/tuple-nesting/issue3091-1.p4
Error on typecheck: File ../../../testdata/p4c/program/well-typed-excluded/test-clarify/tuple-nesting/issue3091-1.p4, line 3, characters 6-23
(check_valid_typ_nesting) invalid nesting of match_kind inside tuple<match_kind>

>>> Running typecheck test on ../../../testdata/p4c/program/well-typed-excluded/test-clarify/tuple-nesting/issue3091.p4
Error on typecheck: File ../../../testdata/p4c/program/well-typed-excluded/test-clarify/tuple-nesting/issue3091.p4, line 216, characters 8-26
(check_valid_typ_nesting) invalid nesting of match_kind inside tuple<match_kind>

>>> Running typecheck test on ../../../testdata/p4c/program/well-typed-excluded/test-clarify/tuple-nesting/issue3238.p4
Error on typecheck: File ../../../testdata/p4c/program/well-typed-excluded/test-clarify/tuple-nesting/issue3238.p4, line 3, characters 2-12
(check_valid_typ_nesting) invalid nesting of int inside tuple<int>

>>> Running typecheck test on ../../../testdata/p4c/program/well-typed-excluded/test-clarify/tuple-nesting/list3.p4
Error on typecheck: File ../../../testdata/p4c/program/well-typed-excluded/test-clarify/tuple-nesting/list3.p4, line 6, characters 6-50
(check_valid_typ_nesting) invalid nesting of typedef int inside tuple<typedef int, (tuple<T0, T1><T0, T1>)<K, K>, V>

>>> Running typecheck test on ../../../testdata/p4c/program/well-typed-excluded/test-clarify/tuple-nesting/list4.p4
Error on typecheck: File ../../../testdata/p4c/program/well-typed-excluded/test-clarify/tuple-nesting/list4.p4, line 6, characters 6-50
(check_valid_typ_nesting) invalid nesting of typedef int inside tuple<typedef int, (tuple<T0, T1><T0, T1>)<K, K>, V>

>>> Running typecheck test on ../../../testdata/p4c/program/well-typed-excluded/test-clarify/type-inference-should-fail/issue2105.p4
Error on typecheck: File ../../../testdata/p4c/program/well-typed-excluded/test-clarify/type-inference-should-fail/issue2105.p4, line 24, characters 0-17
(infer_targs) type __WILD_0 cannot be inferred

>>> Running typecheck test on ../../../testdata/p4c/program/well-typed-excluded/test-clarify/type-variable-equality-op/issue3291-1.p4
Error on typecheck: File ../../../testdata/p4c/program/well-typed-excluded/test-clarify/type-variable-equality-op/issue3291-1.p4, line 7, characters 11-19
(type_binop_compare_equal) type t cannot be compared of equality

>>> Running typecheck test on ../../../testdata/p4c/program/well-typed-excluded/test-clarify/value-set-implicit-cast/pvs-nested-struct.p4
Error on typecheck: File ../../../testdata/p4c/program/well-typed-excluded/test-clarify/value-set-implicit-cast/pvs-nested-struct.p4, line 27, characters 4-34
(check_valid_typ_nesting) invalid nesting of (struct value_set_t {
    field bit<32>;
    inner (struct inner_value_set_t {
        field bit<32>
      })<>
  })<> inside set<(struct value_set_t {
      field bit<32>;
      inner (struct inner_value_set_t {
          field bit<32>
        })<>
    })<>>

>>> Running typecheck test on ../../../testdata/p4c/program/well-typed-excluded/test-clarify/value-set-implicit-cast/pvs-struct-1-bmv2.p4
Error on typecheck: File ../../../testdata/p4c/program/well-typed-excluded/test-clarify/value-set-implicit-cast/pvs-struct-1-bmv2.p4, line 22, characters 4-34
(check_valid_typ_nesting) invalid nesting of (struct value_set_t {
    field bit<32>
  })<> inside set<(struct value_set_t {
      field bit<32>
    })<>>

>>> Running typecheck test on ../../../testdata/p4c/program/well-typed-excluded/test-clarify/value-set-implicit-cast/pvs-struct-2-bmv2.p4
Error on typecheck: File ../../../testdata/p4c/program/well-typed-excluded/test-clarify/value-set-implicit-cast/pvs-struct-2-bmv2.p4, line 23, characters 4-34
(check_valid_typ_nesting) invalid nesting of (struct value_set_t {
    field bit<16>;
    field2 bit<3>
  })<> inside set<(struct value_set_t {
      field bit<16>;
      field2 bit<3>
    })<>>

>>> Running typecheck test on ../../../testdata/p4c/program/well-typed-excluded/test-clarify/value-set-implicit-cast/pvs-struct-3-bmv2.p4
Error on typecheck: File ../../../testdata/p4c/program/well-typed-excluded/test-clarify/value-set-implicit-cast/pvs-struct-3-bmv2.p4, line 25, characters 4-34
(check_valid_typ_nesting) invalid nesting of (struct value_set_t {
    field1 bit<16>;
    field2 bit<3>;
    field3 bit<6>;
    field4 bit<5>
  })<> inside set<(struct value_set_t {
      field1 bit<16>;
      field2 bit<3>;
      field3 bit<6>;
      field4 bit<5>
    })<>>

>>> Running typecheck test on ../../../testdata/p4c/program/well-typed-excluded/test-clarify/value-set-implicit-cast/pvs.p4
Error on typecheck: File ../../../testdata/p4c/program/well-typed-excluded/test-clarify/value-set-implicit-cast/pvs.p4, from line 13 character 8 to line 16 character 9
(type_select_case_keyset') keyset expression should have type seq<bit<32>, bit<2>>, but got (tuple<T0, T1><T0, T1>)<bit<32>, bit<2>>

>>> Running typecheck test on ../../../testdata/p4c/program/well-typed-excluded/test-clarify/value-set-implicit-cast/v1model-p4runtime-enumint-types1.p4
Error on typecheck: File ../../../testdata/p4c/program/well-typed-excluded/test-clarify/value-set-implicit-cast/v1model-p4runtime-enumint-types1.p4, line 340, characters 4-40
(check_valid_typ_nesting) invalid nesting of (struct valueset1_t {
    addr0 typedef bit<48>;
    e bit<8>;
    e0 typedef bit<8>;
    e00 typedef typedef bit<8>
  })<> inside set<(struct valueset1_t {
      addr0 typedef bit<48>;
      e bit<8>;
      e0 typedef bit<8>;
      e00 typedef typedef bit<8>
    })<>>

>>> Running typecheck test on ../../../testdata/p4c/program/well-typed-excluded/test-clarify/value-set-implicit-cast/v1model-p4runtime-most-types1.p4
Error on typecheck: File ../../../testdata/p4c/program/well-typed-excluded/test-clarify/value-set-implicit-cast/v1model-p4runtime-most-types1.p4, line 340, characters 4-40
(check_valid_typ_nesting) invalid nesting of (struct valueset1_t {
    addr0 typedef bit<48>;
    e bit<8>;
    e0 typedef bit<8>;
    e00 typedef typedef bit<8>
  })<> inside set<(struct valueset1_t {
      addr0 typedef bit<48>;
      e bit<8>;
      e0 typedef bit<8>;
      e00 typedef typedef bit<8>
    })<>>

>>> Running typecheck test on ../../../testdata/p4c/program/well-typed-excluded/unsupported/optional-param/gauntlet_optional-bmv2.p4
Error on typecheck: File ../../../testdata/p4c/program/well-typed-excluded/unsupported/optional-param/gauntlet_optional-bmv2.p4, line 45, characters 21-104
(type_method) method update not found for ipv4_checksum

>>> Running typecheck test on ../../../testdata/p4c/program/well-typed-excluded/unsupported/optional-param/issue1304.p4
Error on typecheck: File ../../../testdata/p4c/program/well-typed-excluded/unsupported/optional-param/issue1304.p4, line 64, characters 0-46
(type_instantiation) instance Switch not found

>>> Running typecheck test on ../../../testdata/p4c/program/well-typed-excluded/unsupported/optional-param/issue2492.p4
Error on typecheck: File ../../../testdata/p4c/program/well-typed-excluded/unsupported/optional-param/issue2492.p4, line 20, characters 0-20
(type_instantiation) instance top not found

>>> Running typecheck test on ../../../testdata/p4c/program/well-typed-excluded/unsupported/optional-param/issue2630.p4
Error on typecheck: File ../../../testdata/p4c/program/well-typed-excluded/unsupported/optional-param/issue2630.p4, line 13, characters 0-18
(type_instantiation) instance Switch not found

>>> Running typecheck test on ../../../testdata/p4c/program/well-typed-excluded/unsupported/optional-param/issue2664-bmv2.p4
Error on typecheck: File ../../../testdata/p4c/program/well-typed-excluded/unsupported/optional-param/issue2664-bmv2.p4, line 60, characters 21-104
(type_method) method update not found for ipv4_checksum

>>> Running typecheck test on ../../../testdata/p4c/program/well-typed-excluded/unsupported/optional-param/issue2810.p4
Error on typecheck: File ../../../testdata/p4c/program/well-typed-excluded/unsupported/optional-param/issue2810.p4, line 21, characters 8-27
(type_func) function HwSplFunc not found

>>> Running typecheck test on ../../../testdata/p4c/program/well-typed-excluded/unsupported/optional-param/issue3051.p4
Error on typecheck: File ../../../testdata/p4c/program/well-typed-excluded/unsupported/optional-param/issue3051.p4, line 13, characters 4-14
(type_method) method apply not found for c

>>> Running typecheck test on ../../../testdata/p4c/program/well-typed-excluded/unsupported/optional-param/issue3417.p4
Error on typecheck: File ../../../testdata/p4c/program/well-typed-excluded/unsupported/optional-param/issue3417.p4, from line 17 character 4 to line 21 character 6
(type_instantiation_decl) abstract method apply(val, rv) was not declared

>>> Running typecheck test on ../../../testdata/p4c/program/well-typed-excluded/unsupported/optional-param/pna-dpdk-direct-counter.p4
Error on typecheck: File ../../../testdata/p4c/program/well-typed-excluded/unsupported/optional-param/pna-dpdk-direct-counter.p4, line 90, characters 12-41
(type_method) method count not found for per_prefix_pkt_count

>>> Running typecheck test on ../../../testdata/p4c/program/well-typed-excluded/unsupported/selector-match-kind/action_profile-bmv2.p4
Error on typecheck: File ../../../testdata/p4c/program/well-typed-excluded/unsupported/selector-match-kind/action_profile-bmv2.p4, line 43, characters 8-40
(check_table_key) bit<32> is not a valid table key type for match kind selector

>>> Running typecheck test on ../../../testdata/p4c/program/well-typed-excluded/unsupported/selector-match-kind/action_profile_max_group_size_annotation.p4
Error on typecheck: File ../../../testdata/p4c/program/well-typed-excluded/unsupported/selector-match-kind/action_profile_max_group_size_annotation.p4, line 48, characters 8-40
(check_table_key) bit<32> is not a valid table key type for match kind selector

>>> Running typecheck test on ../../../testdata/p4c/program/well-typed-excluded/unsupported/selector-match-kind/action_profile_sum_of_members_annotation.p4
Error on typecheck: File ../../../testdata/p4c/program/well-typed-excluded/unsupported/selector-match-kind/action_profile_sum_of_members_annotation.p4, line 58, characters 8-40
(check_table_key) bit<32> is not a valid table key type for match kind selector

>>> Running typecheck test on ../../../testdata/p4c/program/well-typed-excluded/unsupported/selector-match-kind/action_selector_shared-bmv2.p4
Error on typecheck: File ../../../testdata/p4c/program/well-typed-excluded/unsupported/selector-match-kind/action_selector_shared-bmv2.p4, line 38, characters 8-40
(check_table_key) bit<32> is not a valid table key type for match kind selector

>>> Running typecheck test on ../../../testdata/p4c/program/well-typed-excluded/unsupported/selector-match-kind/fabric_20190420/fabric.p4
Error on typecheck: File ../../../testdata/p4c/program/well-typed-excluded/unsupported/selector-match-kind/fabric_20190420/include/control/next.p4, from line 185 character 8 to line 192 character 9
(check_table_key) bit<32> is not a valid table key type for match kind selector

>>> Running typecheck test on ../../../testdata/p4c/program/well-typed-excluded/unsupported/selector-match-kind/issue1560-bmv2.p4
Error on typecheck: File ../../../testdata/p4c/program/well-typed-excluded/unsupported/selector-match-kind/issue1560-bmv2.p4, from line 152 character 8 to line 155 character 9
(check_table_key) bit<16> is not a valid table key type for match kind selector

>>> Running typecheck test on ../../../testdata/p4c/program/well-typed-excluded/unsupported/selector-match-kind/issue297-bmv2.p4
Error on typecheck: File ../../../testdata/p4c/program/well-typed-excluded/unsupported/selector-match-kind/issue297-bmv2.p4, line 44, characters 8-40
(check_table_key) bit<32> is not a valid table key type for match kind selector

>>> Running typecheck test on ../../../testdata/p4c/program/well-typed-excluded/unsupported/selector-match-kind/pna-action-selector-1.p4
Error on typecheck: File ../../../testdata/p4c/program/well-typed-excluded/unsupported/selector-match-kind/pna-action-selector-1.p4, from line 112 character 8 to line 115 character 9
(check_table_key) bit<16> is not a valid table key type for match kind selector

>>> Running typecheck test on ../../../testdata/p4c/program/well-typed-excluded/unsupported/selector-match-kind/pna-action-selector.p4
Error on typecheck: File ../../../testdata/p4c/program/well-typed-excluded/unsupported/selector-match-kind/pna-action-selector.p4, from line 109 character 8 to line 112 character 9
(check_table_key) bit<16> is not a valid table key type for match kind selector

>>> Running typecheck test on ../../../testdata/p4c/program/well-typed-excluded/unsupported/selector-match-kind/psa-action-selector1.p4
Error on typecheck: File ../../../testdata/p4c/program/well-typed-excluded/unsupported/selector-match-kind/psa-action-selector1.p4, from line 59 character 8 to line 62 character 9
(check_table_key) bit<16> is not a valid table key type for match kind selector

>>> Running typecheck test on ../../../testdata/p4c/program/well-typed-excluded/unsupported/selector-match-kind/psa-action-selector2.p4
Error on typecheck: File ../../../testdata/p4c/program/well-typed-excluded/unsupported/selector-match-kind/psa-action-selector2.p4, from line 60 character 8 to line 64 character 9
(check_table_key) bit<16> is not a valid table key type for match kind selector

>>> Running typecheck test on ../../../testdata/p4c/program/well-typed-excluded/unsupported/selector-match-kind/psa-action-selector3.p4
Error on typecheck: File ../../../testdata/p4c/program/well-typed-excluded/unsupported/selector-match-kind/psa-action-selector3.p4, from line 59 character 8 to line 63 character 9
(check_table_key) bit<16> is not a valid table key type for match kind selector

>>> Running typecheck test on ../../../testdata/p4c/program/well-typed-excluded/unsupported/selector-match-kind/psa-action-selector4.p4
Error on typecheck: File ../../../testdata/p4c/program/well-typed-excluded/unsupported/selector-match-kind/psa-action-selector4.p4, from line 59 character 8 to line 62 character 9
(check_table_key) bit<16> is not a valid table key type for match kind selector

>>> Running typecheck test on ../../../testdata/p4c/program/well-typed-excluded/unsupported/selector-match-kind/psa-action-selector5.p4
Error on typecheck: File ../../../testdata/p4c/program/well-typed-excluded/unsupported/selector-match-kind/psa-action-selector5.p4, from line 59 character 8 to line 62 character 9
(check_table_key) bit<16> is not a valid table key type for match kind selector

>>> Running typecheck test on ../../../testdata/p4c/program/well-typed-excluded/unsupported/selector-match-kind/psa-action-selector6.p4
Error on typecheck: File ../../../testdata/p4c/program/well-typed-excluded/unsupported/selector-match-kind/psa-action-selector6.p4, line 55, characters 4-27
(check_eq_typ_alpha) Types int and bit<32> are not equal

Parser on file: [PASS] 211/220 (95.91%) [FAIL] 9/220 (4.09%)
Typecheck: [PASS] 9/211 (4.27%) [FAIL] 202/211 (95.73%)
Typecheck roundtrip: [PASS] 9/9 (100.00%) [FAIL] 0/9 (0.00%)
