Running typecheck tests on 4 files


>>> Running typecheck test on ../../../testdata/petr4/program/well-typed-excluded/spec-clarify/call-site-restrictions/issue396-1.p4
Error on typecheck: File ../../../testdata/petr4/program/well-typed-excluded/spec-clarify/call-site-restrictions/issue396-1.p4, line 36, characters 20-24
(check_call_site) func(inout y bit<8>) -> bit<8> cannot be called from Control

>>> Running typecheck test on ../../../testdata/petr4/program/well-typed-excluded/test-clarify/duplicate-decl/dynamic.p4
Error on typecheck: File ../../../testdata/petr4/program/well-typed-excluded/test-clarify/duplicate-decl/dynamic.p4, line 35, characters 2-9
key already exists: x

>>> Running typecheck test on ../../../testdata/petr4/program/well-typed-excluded/test-clarify/duplicate-decl/issue393-2.p4
Error on typecheck: File ../../../testdata/petr4/program/well-typed-excluded/test-clarify/duplicate-decl/issue393-2.p4, line 26, characters 2-18
key already exists: x

>>> Running typecheck test on ../../../testdata/petr4/program/well-typed-excluded/test-clarify/dynamic-value-to-directionless/subparser.p4
Error on typecheck: File ../../../testdata/petr4/program/well-typed-excluded/test-clarify/dynamic-value-to-directionless/subparser.p4, line 74, characters 8-56
(check_ctk) standard_metadata is not a compile-time known expression

Parser on file: [PASS] 4/4 (100.00%) [FAIL] 0/4 (0.00%)
Typecheck: [PASS] 0/4 (0.00%) [FAIL] 4/4 (100.00%)
