Running typecheck tests on 40 files


>>> Running typecheck test on ../../../testdata/p4c/program/ill-typed-excluded/over-typecheck/packet-extract/extract.p4
Error: typecheck success

>>> Running typecheck test on ../../../testdata/p4c/program/ill-typed-excluded/over-typecheck/packet-extract/extract1.p4
Error: typecheck success

>>> Running typecheck test on ../../../testdata/p4c/program/ill-typed-excluded/over-typecheck/packet-extract/issue477.p4
Error: typecheck success

>>> Running typecheck test on ../../../testdata/p4c/program/ill-typed-excluded/over-typecheck/packet-extract/issue478.p4
Error: typecheck success

>>> Running typecheck test on ../../../testdata/p4c/program/ill-typed-excluded/over-typecheck/packet-extract/twovarbit.p4
Error: typecheck success

>>> Running typecheck test on ../../../testdata/p4c/program/ill-typed-excluded/over-typecheck/packet-lookahead/issue4146.p4
Error: typecheck success

>>> Running typecheck test on ../../../testdata/p4c/program/ill-typed-excluded/over-typecheck/packet-lookahead/issue600.p4
Error: typecheck success

>>> Running typecheck test on ../../../testdata/p4c/program/ill-typed-excluded/over-typecheck/parser-state-reachability/issue2373.p4
Error: typecheck success

>>> Running typecheck test on ../../../testdata/p4c/program/ill-typed-excluded/spec-clarify/cast-to-struct/issue3233.p4
Error: typecheck success

>>> Running typecheck test on ../../../testdata/p4c/program/ill-typed-excluded/test-clarify/action-struct-param/issue532.p4
Error: typecheck success

>>> Running typecheck test on ../../../testdata/p4c/program/ill-typed-excluded/test-clarify/compare-sequence-record/issue3057-1.p4
Error: typecheck success

>>> Running typecheck test on ../../../testdata/p4c/program/ill-typed-excluded/test-clarify/control-shadowing/issue2544_shadowing1.p4
Error: typecheck success

>>> Running typecheck test on ../../../testdata/p4c/program/ill-typed-excluded/test-clarify/directionless-action-arg-as-in/issue473.p4
Error: typecheck success

>>> Running typecheck test on ../../../testdata/p4c/program/ill-typed-excluded/test-clarify/extern-nested-struct-param/issue2545.p4
Error: typecheck success

>>> Running typecheck test on ../../../testdata/p4c/program/ill-typed-excluded/test-clarify/method-int-return/issue3273.p4
Error: typecheck success

>>> Running typecheck test on ../../../testdata/p4c/program/ill-typed-excluded/test-clarify/namespace-var-tvar-func-ctor/issue1932.p4
Error: typecheck success

>>> Running typecheck test on ../../../testdata/p4c/program/ill-typed-excluded/test-clarify/namespace-var-tvar-func-ctor/issue4144.p4
Error: typecheck success

>>> Running typecheck test on ../../../testdata/p4c/program/ill-typed-excluded/test-clarify/self-nesting-struct/issue3291.p4
Error: typecheck success

>>> Running typecheck test on ../../../testdata/p4c/program/ill-typed-excluded/test-clarify/shift-int-by-fixed/issue2206.p4
Error: typecheck success

>>> Running typecheck test on ../../../testdata/p4c/program/ill-typed-excluded/test-clarify/shift-int-by-fixed/shift-int-non-const.p4
Error: typecheck success

>>> Running typecheck test on ../../../testdata/p4c/program/ill-typed-excluded/test-clarify/type-inference-return-int/issue2260-1.p4
Error: typecheck success

>>> Running typecheck test on ../../../testdata/p4c/program/ill-typed-excluded/unsupported/annotation/annotation.p4
Error: typecheck success

>>> Running typecheck test on ../../../testdata/p4c/program/ill-typed-excluded/unsupported/annotation/issue1580.p4
Error: typecheck success

>>> Running typecheck test on ../../../testdata/p4c/program/ill-typed-excluded/unsupported/annotation/issue1732.p4
Error: typecheck success

>>> Running typecheck test on ../../../testdata/p4c/program/ill-typed-excluded/unsupported/annotation/issue1803_same_table_name.p4
Error: typecheck success

>>> Running typecheck test on ../../../testdata/p4c/program/ill-typed-excluded/unsupported/annotation/issue2283_2-bmv2.p4
Error: typecheck success

>>> Running typecheck test on ../../../testdata/p4c/program/ill-typed-excluded/unsupported/annotation/key-name.p4
Error: typecheck success

>>> Running typecheck test on ../../../testdata/p4c/program/ill-typed-excluded/unsupported/annotation/spec-ex32_e.p4
Error: typecheck success

>>> Running typecheck test on ../../../testdata/p4c/program/ill-typed-excluded/unsupported/annotation/spec-issue1297-string-cat-err-2-anno.p4
Error: typecheck success

>>> Running typecheck test on ../../../testdata/p4c/program/ill-typed-excluded/unsupported/annotation/spec-issue1297-string-cat-err-3-anno.p4
Error: typecheck success

>>> Running typecheck test on ../../../testdata/p4c/program/ill-typed-excluded/unsupported/annotation/structured-annotation-e1.p4
Error: typecheck success

>>> Running typecheck test on ../../../testdata/p4c/program/ill-typed-excluded/unsupported/annotation/structured-annotation-e2.p4
Error: typecheck success

>>> Running typecheck test on ../../../testdata/p4c/program/ill-typed-excluded/unsupported/annotation/structured-annotation-e3.p4
Error: typecheck success

>>> Running typecheck test on ../../../testdata/p4c/program/ill-typed-excluded/unsupported/expect-noaction/issue3644-1.p4
Error: typecheck success

>>> Running typecheck test on ../../../testdata/p4c/program/ill-typed-excluded/unsupported/expect-noaction/issue3644-2.p4
Error: typecheck success

>>> Running typecheck test on ../../../testdata/p4c/program/ill-typed-excluded/unsupported/expect-noaction/issue3644.p4
Error: typecheck success

>>> Running typecheck test on ../../../testdata/p4c/program/ill-typed-excluded/unsupported/select-case-compile-time-known/issue-2123_e.p4
Error: typecheck success

>>> Running typecheck test on ../../../testdata/p4c/program/ill-typed-excluded/unsupported/select-case-compile-time-known/issue122.p4
Error: typecheck success

>>> Running typecheck test on ../../../testdata/p4c/program/ill-typed-excluded/unsupported/select-case-compile-time-known/issue3430.p4
Error: typecheck success

>>> Running typecheck test on ../../../testdata/p4c/program/ill-typed-excluded/unsupported/switch-internal-match-kind/issue3613.p4
Error: typecheck success

Parser on file: [PASS] 40/40 (100.00%) [FAIL] 0/40 (0.00%)
Typecheck: [PASS] 0/40 (0.00%) [FAIL] 40/40 (100.00%)
